Nov 16 21:00:22 project systemd-modules-load[263]: Inserted module 'lp'
Nov 16 21:00:22 project systemd-modules-load[263]: Inserted module 'ppdev'
Nov 16 21:00:22 project systemd-modules-load[263]: Inserted module 'parport_pc'
Nov 16 21:00:22 project systemd-sysusers[275]: Creating group systemd-coredump with gid 997.
Nov 16 21:00:22 project systemd-sysusers[275]: Creating user systemd-coredump (systemd Core Dumper) with uid 997 and gid 997.
Nov 16 21:00:22 project systemd-modules-load[263]: Inserted module 'msr'
Nov 16 21:00:22 project systemd[1]: Starting Flush Journal to Persistent Storage...
Nov 16 21:00:22 project systemd[1]: Finished Set the console keyboard layout.
Nov 16 21:00:22 project systemd-modules-load[263]: Inserted module 'ipmi_devintf'
Nov 16 21:00:22 project systemd[1]: Finished Load Kernel Modules.
Nov 16 21:00:22 project systemd[1]: Mounting FUSE Control File System...
Nov 16 21:00:22 project systemd[1]: Mounting Kernel Configuration File System...
Nov 16 21:00:22 project systemd[1]: Starting Apply Kernel Variables...
Nov 16 21:00:22 project systemd[1]: Mounted FUSE Control File System.
Nov 16 21:00:22 project systemd[1]: Mounted Kernel Configuration File System.
Nov 16 21:00:22 project systemd[1]: Finished udev Coldplug all Devices.
Nov 16 21:00:22 project systemd-sysctl[283]: Not setting net/ipv4/conf/all/promote_secondaries (explicit setting exists).
Nov 16 21:00:22 project systemd-sysctl[283]: Not setting net/ipv4/conf/default/promote_secondaries (explicit setting exists).
Nov 16 21:00:22 project systemd[1]: Finished Flush Journal to Persistent Storage.
Nov 16 21:00:22 project systemd[1]: Finished Create System Users.
Nov 16 21:00:22 project systemd[1]: Starting Create Static Device Nodes in /dev...
Nov 16 21:00:22 project systemd[1]: Finished Apply Kernel Variables.
Nov 16 21:00:22 project systemd[1]: Finished Create Static Device Nodes in /dev.
Nov 16 21:00:22 project systemd[1]: Reached target Local File Systems (Pre).
Nov 16 21:00:22 project systemd[1]: Mounting Mount unit for bare, revision 5...
Nov 16 21:00:22 project systemd[1]: Mounting Mount unit for core20, revision 1611...
Nov 16 21:00:22 project systemd[1]: Mounting Mount unit for gnome-3-38-2004, revision 115...
Nov 16 21:00:22 project systemd[1]: Mounting Mount unit for gtk-common-themes, revision 1535...
Nov 16 21:00:22 project systemd[1]: Mounting Mount unit for snap-store, revision 558...
Nov 16 21:00:22 project systemd[1]: Mounting Mount unit for snapd, revision 16292...
Nov 16 21:00:22 project systemd[1]: Starting udev Kernel Device Manager...
Nov 16 21:00:22 project systemd[1]: Mounted Mount unit for core20, revision 1611.
Nov 16 21:00:22 project systemd[1]: Mounted Mount unit for snapd, revision 16292.
Nov 16 21:00:22 project systemd[1]: Started udev Kernel Device Manager.
Nov 16 21:00:22 project systemd[1]: Starting Show Plymouth Boot Screen...
Nov 16 21:00:22 project systemd[1]: Received SIGRTMIN+20 from PID 313 (plymouthd).
Nov 16 21:00:22 project systemd[1]: Mounted Mount unit for bare, revision 5.
Nov 16 21:00:22 project systemd[1]: Mounted Mount unit for snap-store, revision 558.
Nov 16 21:00:22 project kernel: [    0.000000] Linux version 5.15.0-53-generic (buildd@lcy02-amd64-091) (gcc (Ubuntu 9.4.0-1ubuntu1~20.04.1) 9.4.0, GNU ld (GNU Binutils for Ubuntu) 2.34) #59~20.04.1-Ubuntu SMP Thu Oct 20 15:10:22 UTC 2022 (Ubuntu 5.15.0-53.59~20.04.1-generic 5.15.64)
Nov 16 21:00:22 project systemd[1]: Started Show Plymouth Boot Screen.
Nov 16 21:00:22 project systemd[1]: Condition check resulted in Dispatch Password Requests to Console Directory Watch being skipped.
Nov 16 21:00:22 project kernel: [    0.000000] Command line: BOOT_IMAGE=/boot/vmlinuz-5.15.0-53-generic root=UUID=7cd4c3ac-5c66-4226-997b-10492bdc0844 ro quiet splash
Nov 16 21:00:22 project kernel: [    0.000000] KERNEL supported cpus:
Nov 16 21:00:22 project kernel: [    0.000000]   Intel GenuineIntel
Nov 16 21:00:22 project kernel: [    0.000000]   AMD AuthenticAMD
Nov 16 21:00:22 project kernel: [    0.000000]   Hygon HygonGenuine
Nov 16 21:00:22 project systemd[1]: Started Forward Password Requests to Plymouth Directory Watch.
Nov 16 21:00:22 project kernel: [    0.000000]   Centaur CentaurHauls
Nov 16 21:00:22 project kernel: [    0.000000]   zhaoxin   Shanghai  
Nov 16 21:00:22 project kernel: [    0.000000] x86/fpu: Supporting XSAVE feature 0x001: 'x87 floating point registers'
Nov 16 21:00:22 project kernel: [    0.000000] x86/fpu: Supporting XSAVE feature 0x002: 'SSE registers'
Nov 16 21:00:22 project systemd[1]: Reached target Local Encrypted Volumes.
Nov 16 21:00:22 project kernel: [    0.000000] x86/fpu: Supporting XSAVE feature 0x004: 'AVX registers'
Nov 16 21:00:22 project kernel: [    0.000000] x86/fpu: xstate_offset[2]:  576, xstate_sizes[2]:  256
Nov 16 21:00:22 project kernel: [    0.000000] x86/fpu: Enabled xstate features 0x7, context size is 832 bytes, using 'standard' format.
Nov 16 21:00:22 project kernel: [    0.000000] signal: max sigframe size: 1776
Nov 16 21:00:22 project systemd[1]: Mounted Mount unit for gtk-common-themes, revision 1535.
Nov 16 21:00:22 project kernel: [    0.000000] BIOS-provided physical RAM map:
Nov 16 21:00:22 project kernel: [    0.000000] BIOS-e820: [mem 0x0000000000000000-0x000000000009fbff] usable
Nov 16 21:00:22 project kernel: [    0.000000] BIOS-e820: [mem 0x000000000009fc00-0x000000000009ffff] reserved
Nov 16 21:00:22 project kernel: [    0.000000] BIOS-e820: [mem 0x00000000000f0000-0x00000000000fffff] reserved
Nov 16 21:00:22 project kernel: [    0.000000] BIOS-e820: [mem 0x0000000000100000-0x00000000dffeffff] usable
Nov 16 21:00:22 project kernel: [    0.000000] BIOS-e820: [mem 0x00000000dfff0000-0x00000000dfffffff] ACPI data
Nov 16 21:00:22 project systemd[1]: Mounted Mount unit for gnome-3-38-2004, revision 115.
Nov 16 21:00:22 project kernel: [    0.000000] BIOS-e820: [mem 0x00000000fec00000-0x00000000fec00fff] reserved
Nov 16 21:00:22 project kernel: [    0.000000] BIOS-e820: [mem 0x00000000fee00000-0x00000000fee00fff] reserved
Nov 16 21:00:22 project systemd-udevd[299]: Using default interface naming scheme 'v245'.
Nov 16 21:00:22 project systemd-udevd[299]: ethtool: autonegotiation is unset or enabled, the speed and duplex are not writable.
Nov 16 21:00:22 project mtp-probe: checking bus 2, device 2: "/sys/devices/pci0000:00/0000:00:06.0/usb2/2-1"
Nov 16 21:00:22 project mtp-probe: bus: 2, device: 2 was not an MTP device
Nov 16 21:00:22 project systemd[1]: Listening on Load/Save RF Kill Switch Status /dev/rfkill Watch.
Nov 16 21:00:22 project systemd-udevd[312]: ethtool: autonegotiation is unset or enabled, the speed and duplex are not writable.
Nov 16 21:00:22 project systemd[1]: Condition check resulted in Dispatch Password Requests to Console Directory Watch being skipped.
Nov 16 21:00:22 project systemd[1]: Condition check resulted in Set Up Additional Binary Formats being skipped.
Nov 16 21:00:22 project systemd[1]: Condition check resulted in File System Check on Root Device being skipped.
Nov 16 21:00:22 project systemd[1]: Condition check resulted in Rebuild Hardware Database being skipped.
Nov 16 21:00:22 project systemd[1]: Condition check resulted in Platform Persistent Storage Archival being skipped.
Nov 16 21:00:22 project systemd-udevd[307]: controlC0: Process '/usr/sbin/alsactl -E HOME=/run/alsa -E XDG_RUNTIME_DIR=/run/alsa/runtime restore 0' failed with exit code 99.
Nov 16 21:00:22 project systemd[1]: Found device VBOX_HARDDISK 1.
Nov 16 21:00:22 project systemd[1]: Starting File System Check on /dev/disk/by-uuid/048B-F643...
Nov 16 21:00:22 project systemd[1]: Started File System Check Daemon to report status.
Nov 16 21:00:22 project systemd-fsck[559]: fsck.fat 4.1 (2017-01-24)
Nov 16 21:00:22 project systemd-fsck[559]: /dev/sda1: 0 files, 1/130812 clusters
Nov 16 21:00:22 project systemd[1]: Finished File System Check on /dev/disk/by-uuid/048B-F643.
Nov 16 21:00:22 project systemd[1]: Mounting /boot/efi...
Nov 16 21:00:22 project systemd[1]: Mounted /boot/efi.
Nov 16 21:00:22 project systemd[1]: Reached target Local File Systems.
Nov 16 21:00:22 project systemd[1]: Starting Load AppArmor profiles...
Nov 16 21:00:22 project systemd[1]: Starting Set console font and keymap...
Nov 16 21:00:22 project systemd[1]: Starting Tell Plymouth To Write Out Runtime Data...
Nov 16 21:00:22 project systemd[1]: Condition check resulted in Store a System Token in an EFI Variable being skipped.
Nov 16 21:00:22 project systemd[1]: Starting Commit a transient machine-id on disk...
Nov 16 21:00:22 project systemd[1]: Starting Create Volatile Files and Directories...
Nov 16 21:00:22 project apparmor.systemd[562]: Restarting AppArmor
Nov 16 21:00:22 project apparmor.systemd[562]: Reloading AppArmor profiles
Nov 16 21:00:22 project systemd[1]: Finished Set console font and keymap.
Nov 16 21:00:22 project systemd[1]: etc-machine\x2did.mount: Succeeded.
Nov 16 21:00:22 project systemd[1]: Finished Commit a transient machine-id on disk.
Nov 16 21:00:22 project systemd[1]: Received SIGRTMIN+20 from PID 313 (plymouthd).
Nov 16 21:00:22 project systemd[1]: plymouth-read-write.service: Succeeded.
Nov 16 21:00:22 project systemd[1]: Finished Tell Plymouth To Write Out Runtime Data.
Nov 16 21:00:22 project systemd[1]: Finished Create Volatile Files and Directories.
Nov 16 21:00:22 project systemd[1]: Starting Network Name Resolution...
Nov 16 21:00:22 project systemd[1]: Starting Network Time Synchronization...
Nov 16 21:00:22 project systemd[1]: Starting Update UTMP about System Boot/Shutdown...
Nov 16 21:00:22 project systemd[1]: Finished Update UTMP about System Boot/Shutdown.
Nov 16 21:00:22 project systemd[1]: Started Network Time Synchronization.
Nov 16 21:00:22 project systemd-resolved[577]: Positive Trust Anchors:
Nov 16 21:00:22 project systemd-resolved[577]: . IN DS 20326 8 2 e06d44b80b8f1d39a95c0b0d7c65d08458e880409bbc683457104237c7f8ec8d
Nov 16 21:00:22 project systemd-resolved[577]: Negative trust anchors: 10.in-addr.arpa 16.172.in-addr.arpa 17.172.in-addr.arpa 18.172.in-addr.arpa 19.172.in-addr.arpa 20.172.in-addr.arpa 21.172.in-addr.arpa 22.172.in-addr.arpa 23.172.in-addr.arpa 24.172.in-addr.arpa 25.172.in-addr.arpa 26.172.in-addr.arpa 27.172.in-addr.arpa 28.172.in-addr.arpa 29.172.in-addr.arpa 30.172.in-addr.arpa 31.172.in-addr.arpa 168.192.in-addr.arpa d.f.ip6.arpa corp home internal intranet lan local private test
Nov 16 21:00:22 project systemd-resolved[577]: Using system hostname 'project'.
Nov 16 21:00:22 project systemd[1]: Started Network Name Resolution.
Nov 16 21:00:22 project systemd[1]: Reached target Host and Network Name Lookups.
Nov 16 21:00:22 project apparmor.systemd[586]: Skipping profile in /etc/apparmor.d/disable: usr.sbin.rsyslogd
Nov 16 21:00:22 project apparmor.systemd[592]: Skipping profile in /etc/apparmor.d/disable: usr.bin.firefox
Nov 16 21:00:22 project systemd[1]: Finished Load AppArmor profiles.
Nov 16 21:00:22 project systemd[1]: Starting Load AppArmor profiles managed internally by snapd...
Nov 16 21:00:22 project systemd[1]: Finished Load AppArmor profiles managed internally by snapd.
Nov 16 21:00:22 project systemd[1]: Reached target System Initialization.
Nov 16 21:00:22 project systemd[1]: Started ACPI Events Check.
Nov 16 21:00:22 project systemd[1]: Condition check resulted in Process error reports when automatic reporting is enabled (file watch) being skipped.
Nov 16 21:00:22 project systemd[1]: Started CUPS Scheduler.
Nov 16 21:00:22 project systemd[1]: Started Trigger anacron every hour.
Nov 16 21:00:22 project systemd[1]: Started Daily apt download activities.
Nov 16 21:00:22 project systemd[1]: Started Daily apt upgrade and clean activities.
Nov 16 21:00:22 project systemd[1]: Started Periodic ext4 Online Metadata Check for All Filesystems.
Nov 16 21:00:22 project systemd[1]: Started Discard unused blocks once a week.
Nov 16 21:00:22 project systemd[1]: Started Refresh fwupd metadata regularly.
Nov 16 21:00:22 project systemd[1]: Started Daily rotation of log files.
Nov 16 21:00:22 project systemd[1]: Started Daily man-db regeneration.
Nov 16 21:00:22 project systemd[1]: Started Message of the Day.
Nov 16 21:00:22 project systemd[1]: Condition check resulted in Timer to automatically fetch and run repair assertions being skipped.
Nov 16 21:00:22 project systemd[1]: Started Daily Cleanup of Temporary Directories.
Nov 16 21:00:22 project systemd[1]: Started Ubuntu Advantage Timer for running repeated jobs.
Nov 16 21:00:22 project systemd[1]: Reached target Paths.
Nov 16 21:00:22 project systemd[1]: Reached target Timers.
Nov 16 21:00:22 project systemd[1]: Listening on ACPID Listen Socket.
Nov 16 21:00:22 project systemd[1]: Condition check resulted in Unix socket for apport crash forwarding being skipped.
Nov 16 21:00:22 project systemd[1]: Listening on Avahi mDNS/DNS-SD Stack Activation Socket.
Nov 16 21:00:22 project systemd[1]: Listening on CUPS Scheduler.
Nov 16 21:00:22 project systemd[1]: Listening on D-Bus System Message Bus Socket.
Nov 16 21:00:22 project systemd[1]: Starting Socket activation for snappy daemon.
Nov 16 21:00:22 project systemd[1]: Listening on UUID daemon activation socket.
Nov 16 21:00:22 project systemd[1]: Listening on Socket activation for snappy daemon.
Nov 16 21:00:22 project systemd[1]: Reached target Sockets.
Nov 16 21:00:22 project systemd[1]: Reached target Basic System.
Nov 16 21:00:22 project systemd[1]: Starting Accounts Service...
Nov 16 21:00:22 project systemd[1]: Started ACPI event daemon.
Nov 16 21:00:22 project systemd[1]: Started Run anacron jobs.
Nov 16 21:00:22 project systemd[1]: Starting LSB: automatic crash report generation...
Nov 16 21:00:22 project systemd[1]: Starting Avahi mDNS/DNS-SD Stack...
Nov 16 21:00:22 project anacron[611]: Anacron 2.3 started on 2022-11-16
Nov 16 21:00:22 project systemd[1]: Started Regular background program processing daemon.
Nov 16 21:00:22 project systemd[1]: Started CUPS Scheduler.
Nov 16 21:00:22 project anacron[611]: Will run job `cron.daily' in 5 min.
Nov 16 21:00:22 project anacron[611]: Will run job `cron.weekly' in 10 min.
Nov 16 21:00:22 project anacron[611]: Will run job `cron.monthly' in 15 min.
Nov 16 21:00:22 project anacron[611]: Jobs will be executed sequentially
Nov 16 21:00:22 project cron[614]: (CRON) INFO (pidfile fd = 3)
Nov 16 21:00:22 project systemd[1]: Started D-Bus System Message Bus.
Nov 16 21:00:22 project cron[614]: (CRON) INFO (Running @reboot jobs)
Nov 16 21:00:22 project kernel: [    0.000000] BIOS-e820: [mem 0x00000000fffc0000-0x00000000ffffffff] reserved
Nov 16 21:00:22 project avahi-daemon[613]: Found user 'avahi' (UID 115) and group 'avahi' (GID 121).
Nov 16 21:00:22 project kernel: [    0.000000] BIOS-e820: [mem 0x0000000100000000-0x000000021fffffff] usable
Nov 16 21:00:22 project systemd[1]: Starting Network Manager...
Nov 16 21:00:22 project kernel: [    0.000000] NX (Execute Disable) protection: active
Nov 16 21:00:22 project kernel: [    0.000000] SMBIOS 2.5 present.
Nov 16 21:00:22 project systemd[1]: Started Save initial kernel messages after boot.
Nov 16 21:00:22 project kernel: [    0.000000] DMI: innotek GmbH VirtualBox/VirtualBox, BIOS VirtualBox 12/01/2006
Nov 16 21:00:22 project kernel: [    0.000000] Hypervisor detected: KVM
Nov 16 21:00:22 project kernel: [    0.000000] kvm-clock: Using msrs 4b564d01 and 4b564d00
Nov 16 21:00:22 project kernel: [    0.000000] kvm-clock: cpu 0, msr d1601001, primary cpu clock
Nov 16 21:00:22 project systemd[1]: Starting Remove Stale Online ext4 Metadata Check Snapshots...
Nov 16 21:00:22 project kernel: [    0.000002] kvm-clock: using sched offset of 3705527099 cycles
Nov 16 21:00:22 project kernel: [    0.000004] clocksource: kvm-clock: mask: 0xffffffffffffffff max_cycles: 0x1cd42e4dffb, max_idle_ns: 881590591483 ns
Nov 16 21:00:22 project kernel: [    0.000006] tsc: Detected 3600.006 MHz processor
Nov 16 21:00:22 project kernel: [    0.000811] e820: update [mem 0x00000000-0x00000fff] usable ==> reserved
Nov 16 21:00:22 project kernel: [    0.000821] e820: remove [mem 0x000a0000-0x000fffff] usable
Nov 16 21:00:22 project kernel: [    0.000825] last_pfn = 0x220000 max_arch_pfn = 0x400000000
Nov 16 21:00:22 project kernel: [    0.000832] Disabled
Nov 16 21:00:22 project kernel: [    0.000833] x86/PAT: MTRRs disabled, skipping PAT initialization too.
Nov 16 21:00:22 project kernel: [    0.000835] CPU MTRRs all blank - virtualized system.
Nov 16 21:00:22 project systemd[1]: Condition check resulted in getty on tty2-tty6 if dbus and logind are not available being skipped.
Nov 16 21:00:22 project kernel: [    0.000836] x86/PAT: Configuration [0-7]: WB  WT  UC- UC  WB  WT  UC- UC  
Nov 16 21:00:22 project kernel: [    0.000840] last_pfn = 0xdfff0 max_arch_pfn = 0x400000000
Nov 16 21:00:22 project kernel: [    0.000882] found SMP MP-table at [mem 0x0009fff0-0x0009ffff]
Nov 16 21:00:22 project kernel: [    0.001310] RAMDISK: [mem 0x2fac7000-0x33d5afff]
Nov 16 21:00:22 project systemd[1]: Reached target Login Prompts.
Nov 16 21:00:22 project kernel: [    0.001316] ACPI: Early table checksum verification disabled
Nov 16 21:00:22 project kernel: [    0.001320] ACPI: RSDP 0x00000000000E0000 000024 (v02 VBOX  )
Nov 16 21:00:22 project kernel: [    0.001323] ACPI: XSDT 0x00000000DFFF0030 00003C (v01 VBOX   VBOXXSDT 00000001 ASL  00000061)
Nov 16 21:00:22 project kernel: [    0.001328] ACPI: FACP 0x00000000DFFF00F0 0000F4 (v04 VBOX   VBOXFACP 00000001 ASL  00000061)
Nov 16 21:00:22 project systemd[1]: Starting Detect the available GPUs and deal with any system changes...
Nov 16 21:00:22 project kernel: [    0.001332] ACPI: DSDT 0x00000000DFFF0620 002353 (v02 VBOX   VBOXBIOS 00000002 INTL 20100528)
Nov 16 21:00:22 project kernel: [    0.001335] ACPI: FACS 0x00000000DFFF0200 000040
Nov 16 21:00:22 project kernel: [    0.001337] ACPI: FACS 0x00000000DFFF0200 000040
Nov 16 21:00:22 project kernel: [    0.001340] ACPI: APIC 0x00000000DFFF0240 00006C (v02 VBOX   VBOXAPIC 00000001 ASL  00000061)
Nov 16 21:00:22 project systemd[1]: Starting Record successful boot for GRUB...
Nov 16 21:00:22 project kernel: [    0.001342] ACPI: SSDT 0x00000000DFFF02B0 00036C (v01 VBOX   VBOXCPUT 00000002 INTL 20100528)
Nov 16 21:00:22 project kernel: [    0.001344] ACPI: Reserving FACP table memory at [mem 0xdfff00f0-0xdfff01e3]
Nov 16 21:00:22 project kernel: [    0.001345] ACPI: Reserving DSDT table memory at [mem 0xdfff0620-0xdfff2972]
Nov 16 21:00:22 project kernel: [    0.001346] ACPI: Reserving FACS table memory at [mem 0xdfff0200-0xdfff023f]
Nov 16 21:00:22 project kernel: [    0.001347] ACPI: Reserving FACS table memory at [mem 0xdfff0200-0xdfff023f]
Nov 16 21:00:22 project kernel: [    0.001347] ACPI: Reserving APIC table memory at [mem 0xdfff0240-0xdfff02ab]
Nov 16 21:00:22 project kernel: [    0.001348] ACPI: Reserving SSDT table memory at [mem 0xdfff02b0-0xdfff061b]
Nov 16 21:00:22 project systemd[1]: Started irqbalance daemon.
Nov 16 21:00:22 project kernel: [    0.001505] No NUMA configuration found
Nov 16 21:00:22 project kernel: [    0.001506] Faking a node at [mem 0x0000000000000000-0x000000021fffffff]
Nov 16 21:00:22 project kernel: [    0.001510] NODE_DATA(0) allocated [mem 0x21ffd2000-0x21fffbfff]
Nov 16 21:00:22 project kernel: [    0.001676] Zone ranges:
Nov 16 21:00:22 project kernel: [    0.001677]   DMA      [mem 0x0000000000001000-0x0000000000ffffff]
Nov 16 21:00:22 project kernel: [    0.001678]   DMA32    [mem 0x0000000001000000-0x00000000ffffffff]
Nov 16 21:00:22 project systemd[1]: Starting Dispatcher daemon for systemd-networkd...
Nov 16 21:00:22 project kernel: [    0.001685]   Normal   [mem 0x0000000100000000-0x000000021fffffff]
Nov 16 21:00:22 project kernel: [    0.001686]   Device   empty
Nov 16 21:00:22 project kernel: [    0.001687] Movable zone start for each node
Nov 16 21:00:22 project kernel: [    0.001688] Early memory node ranges
Nov 16 21:00:22 project kernel: [    0.001689]   node   0: [mem 0x0000000000001000-0x000000000009efff]
Nov 16 21:00:22 project kernel: [    0.001690]   node   0: [mem 0x0000000000100000-0x00000000dffeffff]
Nov 16 21:00:22 project kernel: [    0.001690]   node   0: [mem 0x0000000100000000-0x000000021fffffff]
Nov 16 21:00:22 project systemd[1]: Condition check resulted in Set the CPU Frequency Scaling governor being skipped.
Nov 16 21:00:22 project kernel: [    0.001691] Initmem setup node 0 [mem 0x0000000000001000-0x000000021fffffff]
Nov 16 21:00:22 project kernel: [    0.001890] On node 0, zone DMA: 1 pages in unavailable ranges
Nov 16 21:00:22 project kernel: [    0.001912] On node 0, zone DMA: 97 pages in unavailable ranges
Nov 16 21:00:22 project kernel: [    0.022296] On node 0, zone Normal: 16 pages in unavailable ranges
Nov 16 21:00:22 project kernel: [    0.022523] ACPI: PM-Timer IO Port: 0x4008
Nov 16 21:00:22 project kernel: [    0.022567] IOAPIC[0]: apic_id 4, version 32, address 0xfec00000, GSI 0-23
Nov 16 21:00:22 project systemd[1]: Starting Authorization Manager...
Nov 16 21:00:22 project kernel: [    0.022569] ACPI: INT_SRC_OVR (bus 0 bus_irq 0 global_irq 2 dfl dfl)
Nov 16 21:00:22 project kernel: [    0.022570] ACPI: INT_SRC_OVR (bus 0 bus_irq 9 global_irq 9 low level)
Nov 16 21:00:22 project kernel: [    0.022573] ACPI: Using ACPI (MADT) for SMP configuration information
Nov 16 21:00:22 project kernel: [    0.022578] smpboot: Allowing 4 CPUs, 0 hotplug CPUs
Nov 16 21:00:22 project kernel: [    0.022594] PM: hibernation: Registered nosave memory: [mem 0x00000000-0x00000fff]
Nov 16 21:00:22 project systemd[1]: Starting Restore /etc/resolv.conf if the system crashed before the ppp link was shut down...
Nov 16 21:00:22 project kernel: [    0.022596] PM: hibernation: Registered nosave memory: [mem 0x0009f000-0x0009ffff]
Nov 16 21:00:22 project kernel: [    0.022596] PM: hibernation: Registered nosave memory: [mem 0x000a0000-0x000effff]
Nov 16 21:00:22 project kernel: [    0.022597] PM: hibernation: Registered nosave memory: [mem 0x000f0000-0x000fffff]
Nov 16 21:00:22 project systemd[1]: Starting System Logging Service...
Nov 16 21:00:22 project kernel: [    0.022597] PM: hibernation: Registered nosave memory: [mem 0xdfff0000-0xdfffffff]
Nov 16 21:00:22 project kernel: [    0.022598] PM: hibernation: Registered nosave memory: [mem 0xe0000000-0xfebfffff]
Nov 16 21:00:22 project kernel: [    0.022598] PM: hibernation: Registered nosave memory: [mem 0xfec00000-0xfec00fff]
Nov 16 21:00:22 project kernel: [    0.022599] PM: hibernation: Registered nosave memory: [mem 0xfec01000-0xfedfffff]
Nov 16 21:00:22 project kernel: [    0.022599] PM: hibernation: Registered nosave memory: [mem 0xfee00000-0xfee00fff]
Nov 16 21:00:22 project systemd[1]: Condition check resulted in Secure Boot updates for DB and DBX being skipped.
Nov 16 21:00:22 project kernel: [    0.022600] PM: hibernation: Registered nosave memory: [mem 0xfee01000-0xfffbffff]
Nov 16 21:00:22 project kernel: [    0.022600] PM: hibernation: Registered nosave memory: [mem 0xfffc0000-0xffffffff]
Nov 16 21:00:22 project kernel: [    0.022601] [mem 0xe0000000-0xfebfffff] available for PCI devices
Nov 16 21:00:22 project kernel: [    0.022602] Booting paravirtualized kernel on KVM
Nov 16 21:00:22 project kernel: [    0.022604] clocksource: refined-jiffies: mask: 0xffffffff max_cycles: 0xffffffff, max_idle_ns: 7645519600211568 ns
Nov 16 21:00:22 project systemd[1]: Condition check resulted in Automatically repair incorrect owner/permissions on core devices being skipped.
Nov 16 21:00:22 project kernel: [    0.022609] setup_percpu: NR_CPUS:8192 nr_cpumask_bits:4 nr_cpu_ids:4 nr_node_ids:1
Nov 16 21:00:22 project kernel: [    0.022867] percpu: Embedded 60 pages/cpu s208896 r8192 d28672 u524288
Nov 16 21:00:22 project kernel: [    0.022871] pcpu-alloc: s208896 r8192 d28672 u524288 alloc=1*2097152
Nov 16 21:00:22 project kernel: [    0.022873] pcpu-alloc: [0] 0 1 2 3 
Nov 16 21:00:22 project kernel: [    0.022889] kvm-guest: PV spinlocks enabled
Nov 16 21:00:22 project kernel: [    0.022890] PV qspinlock hash table entries: 256 (order: 0, 4096 bytes, linear)
Nov 16 21:00:22 project kernel: [    0.022899] Built 1 zonelists, mobility grouping on.  Total pages: 2064112
Nov 16 21:00:22 project systemd[1]: Condition check resulted in Wait for the Ubuntu Core chooser trigger being skipped.
Nov 16 21:00:22 project systemd[1]: Starting Snap Daemon...
Nov 16 21:00:22 project kernel: [    0.022901] Policy zone: Normal
Nov 16 21:00:22 project kernel: [    0.022901] Kernel command line: BOOT_IMAGE=/boot/vmlinuz-5.15.0-53-generic root=UUID=7cd4c3ac-5c66-4226-997b-10492bdc0844 ro quiet splash
Nov 16 21:00:22 project kernel: [    0.022947] Unknown kernel command line parameters "splash BOOT_IMAGE=/boot/vmlinuz-5.15.0-53-generic", will be passed to user space.
Nov 16 21:00:22 project kernel: [    0.023970] Dentry cache hash table entries: 1048576 (order: 11, 8388608 bytes, linear)
Nov 16 21:00:22 project systemd[1]: Starting Switcheroo Control Proxy service...
Nov 16 21:00:22 project systemd[1]: Starting Login Service...
Nov 16 21:00:22 project systemd[1]: Condition check resulted in Thermal Daemon Service being skipped.
Nov 16 21:00:22 project systemd[1]: Condition check resulted in Ubuntu Advantage reboot cmds being skipped.
Nov 16 21:00:22 project systemd[1]: Starting Disk Manager...
Nov 16 21:00:22 project systemd[1]: Starting vboxadd.service...
Nov 16 21:00:22 project systemd[1]: Starting WPA supplicant...
Nov 16 21:00:22 project systemd[1]: pppd-dns.service: Succeeded.
Nov 16 21:00:22 project systemd[1]: Finished Restore /etc/resolv.conf if the system crashed before the ppp link was shut down.
Nov 16 21:00:22 project avahi-daemon[613]: Successfully dropped root privileges.
Nov 16 21:00:22 project avahi-daemon[613]: avahi-daemon 0.7 starting up.
Nov 16 21:00:22 project udisksd[652]: udisks daemon version 2.8.4 starting
Nov 16 21:00:22 project rsyslogd: imuxsock: Acquired UNIX socket '/run/systemd/journal/syslog' (fd 3) from systemd.  [v8.2001.0]
Nov 16 21:00:22 project rsyslogd: rsyslogd's groupid changed to 110
Nov 16 21:00:22 project rsyslogd: rsyslogd's userid changed to 104
Nov 16 21:00:22 project rsyslogd: [origin software="rsyslogd" swVersion="8.2001.0" x-pid="639" x-info="https://www.rsyslog.com"] start
Nov 16 21:00:22 project kernel: [    0.024484] Inode-cache hash table entries: 524288 (order: 10, 4194304 bytes, linear)
Nov 16 21:00:22 project kernel: [    0.024540] mem auto-init: stack:off, heap alloc:on, heap free:off
Nov 16 21:00:22 project kernel: [    0.052276] Memory: 8063096K/8388152K available (16393K kernel code, 4373K rwdata, 10784K rodata, 3228K init, 6580K bss, 324796K reserved, 0K cma-reserved)
Nov 16 21:00:22 project kernel: [    0.052615] SLUB: HWalign=64, Order=0-3, MinObjects=0, CPUs=4, Nodes=1
Nov 16 21:00:22 project kernel: [    0.052631] ftrace: allocating 50033 entries in 196 pages
Nov 16 21:00:22 project kernel: [    0.071495] ftrace: allocated 196 pages with 3 groups
Nov 16 21:00:22 project kernel: [    0.071782] rcu: Hierarchical RCU implementation.
Nov 16 21:00:22 project kernel: [    0.071783] rcu: 	RCU restricting CPUs from NR_CPUS=8192 to nr_cpu_ids=4.
Nov 16 21:00:22 project kernel: [    0.071784] 	Rude variant of Tasks RCU enabled.
Nov 16 21:00:22 project kernel: [    0.071785] 	Tracing variant of Tasks RCU enabled.
Nov 16 21:00:22 project kernel: [    0.071785] rcu: RCU calculated value of scheduler-enlistment delay is 25 jiffies.
Nov 16 21:00:22 project kernel: [    0.071786] rcu: Adjusting geometry for rcu_fanout_leaf=16, nr_cpu_ids=4
Nov 16 21:00:22 project kernel: [    0.074562] NR_IRQS: 524544, nr_irqs: 456, preallocated irqs: 16
Nov 16 21:00:22 project kernel: [    0.074911] random: crng init done
Nov 16 21:00:22 project kernel: [    0.079908] Console: colour VGA+ 80x25
Nov 16 21:00:22 project kernel: [    0.079919] printk: console [tty0] enabled
Nov 16 21:00:22 project kernel: [    0.079946] ACPI: Core revision 20210730
Nov 16 21:00:22 project kernel: [    0.080349] APIC: Switch to symmetric I/O mode setup
Nov 16 21:00:22 project kernel: [    0.080551] x2apic enabled
Nov 16 21:00:22 project kernel: [    0.080736] Switched APIC routing to physical x2apic.
Nov 16 21:00:22 project kernel: [    0.081423] ..TIMER: vector=0x30 apic1=0 pin1=2 apic2=-1 pin2=-1
Nov 16 21:00:22 project kernel: [    0.081437] clocksource: tsc-early: mask: 0xffffffffffffffff max_cycles: 0x33e458e6624, max_idle_ns: 440795259572 ns
Nov 16 21:00:22 project kernel: [    0.081443] Calibrating delay loop (skipped) preset value.. 7200.01 BogoMIPS (lpj=14400024)
Nov 16 21:00:22 project kernel: [    0.081445] pid_max: default: 32768 minimum: 301
Nov 16 21:00:22 project kernel: [    0.081460] LSM: Security Framework initializing
Nov 16 21:00:22 project kernel: [    0.081468] landlock: Up and running.
Nov 16 21:00:22 project kernel: [    0.081468] Yama: becoming mindful.
Nov 16 21:00:22 project kernel: [    0.081495] AppArmor: AppArmor initialized
Nov 16 21:00:22 project kernel: [    0.081523] Mount-cache hash table entries: 16384 (order: 5, 131072 bytes, linear)
Nov 16 21:00:22 project kernel: [    0.081533] Mountpoint-cache hash table entries: 16384 (order: 5, 131072 bytes, linear)
Nov 16 21:00:22 project kernel: [    0.081780] Last level iTLB entries: 4KB 0, 2MB 0, 4MB 0
Nov 16 21:00:22 project kernel: [    0.081782] Last level dTLB entries: 4KB 0, 2MB 0, 4MB 0, 1GB 0
Nov 16 21:00:22 project kernel: [    0.081785] Spectre V1 : Mitigation: usercopy/swapgs barriers and __user pointer sanitization
Nov 16 21:00:22 project kernel: [    0.081786] Spectre V2 : Mitigation: Retpolines
Nov 16 21:00:22 project kernel: [    0.081787] Spectre V2 : Spectre v2 / SpectreRSB mitigation: Filling RSB on context switch
Nov 16 21:00:22 project kernel: [    0.081787] Spectre V2 : Spectre v2 / SpectreRSB : Filling RSB on VMEXIT
Nov 16 21:00:22 project kernel: [    0.081787] RETBleed: WARNING: Spectre v2 mitigation leaves CPU vulnerable to RETBleed attacks, data leaks possible!
Nov 16 21:00:22 project kernel: [    0.081979] RETBleed: Vulnerable
Nov 16 21:00:22 project kernel: [    0.081980] Speculative Store Bypass: Vulnerable
Nov 16 21:00:22 project kernel: [    0.081984] MMIO Stale Data: Vulnerable: Clear CPU buffers attempted, no microcode
Nov 16 21:00:22 project kernel: [    0.093958] Freeing SMP alternatives memory: 40K
Nov 16 21:00:22 project kernel: [    0.203380] smpboot: CPU0: 11th Gen Intel(R) Core(TM) i7-11700K @ 3.60GHz (family: 0x6, model: 0xa7, stepping: 0x1)
Nov 16 21:00:22 project kernel: [    0.203512] Performance Events: unsupported p6 CPU model 167 no PMU driver, software events only.
Nov 16 21:00:22 project kernel: [    0.203536] rcu: Hierarchical SRCU implementation.
Nov 16 21:00:22 project kernel: [    0.203839] NMI watchdog: Perf NMI watchdog permanently disabled
Nov 16 21:00:22 project kernel: [    0.203879] smp: Bringing up secondary CPUs ...
Nov 16 21:00:22 project kernel: [    0.203935] x86: Booting SMP configuration:
Nov 16 21:00:22 project kernel: [    0.203936] .... node  #0, CPUs:      #1
Nov 16 21:00:22 project kernel: [    0.010546] kvm-clock: cpu 1, msr d1601041, secondary cpu clock
Nov 16 21:00:22 project kernel: [    0.205440]  #2
Nov 16 21:00:22 project kernel: [    0.010546] kvm-clock: cpu 2, msr d1601081, secondary cpu clock
Nov 16 21:00:22 project kernel: [    0.205756]  #3
Nov 16 21:00:22 project kernel: [    0.010546] kvm-clock: cpu 3, msr d16010c1, secondary cpu clock
Nov 16 21:00:22 project kernel: [    0.208100] smp: Brought up 1 node, 4 CPUs
Nov 16 21:00:22 project kernel: [    0.208100] smpboot: Max logical packages: 1
Nov 16 21:00:22 project kernel: [    0.208100] smpboot: Total of 4 processors activated (28800.04 BogoMIPS)
Nov 16 21:00:22 project kernel: [    0.209467] devtmpfs: initialized
Nov 16 21:00:22 project kernel: [    0.209475] x86/mm: Memory block size: 128MB
Nov 16 21:00:22 project kernel: [    0.209828] clocksource: jiffies: mask: 0xffffffff max_cycles: 0xffffffff, max_idle_ns: 7645041785100000 ns
Nov 16 21:00:22 project kernel: [    0.209828] futex hash table entries: 1024 (order: 4, 65536 bytes, linear)
Nov 16 21:00:22 project kernel: [    0.209828] pinctrl core: initialized pinctrl subsystem
Nov 16 21:00:22 project kernel: [    0.209828] PM: RTC time: 20:00:16, date: 2022-11-16
Nov 16 21:00:22 project kernel: [    0.209828] NET: Registered PF_NETLINK/PF_ROUTE protocol family
Nov 16 21:00:22 project kernel: [    0.210052] DMA: preallocated 1024 KiB GFP_KERNEL pool for atomic allocations
Nov 16 21:00:22 project kernel: [    0.210108] DMA: preallocated 1024 KiB GFP_KERNEL|GFP_DMA pool for atomic allocations
Nov 16 21:00:22 project kernel: [    0.210163] DMA: preallocated 1024 KiB GFP_KERNEL|GFP_DMA32 pool for atomic allocations
Nov 16 21:00:22 project kernel: [    0.210169] audit: initializing netlink subsys (disabled)
Nov 16 21:00:22 project kernel: [    0.210188] audit: type=2000 audit(1668628820.902:1): state=initialized audit_enabled=0 res=1
Nov 16 21:00:22 project kernel: [    0.210188] thermal_sys: Registered thermal governor 'fair_share'
Nov 16 21:00:22 project kernel: [    0.210188] thermal_sys: Registered thermal governor 'bang_bang'
Nov 16 21:00:22 project kernel: [    0.210188] thermal_sys: Registered thermal governor 'step_wise'
Nov 16 21:00:22 project kernel: [    0.210188] thermal_sys: Registered thermal governor 'user_space'
Nov 16 21:00:22 project kernel: [    0.210188] thermal_sys: Registered thermal governor 'power_allocator'
Nov 16 21:00:22 project kernel: [    0.210188] EISA bus registered
Nov 16 21:00:22 project kernel: [    0.210188] cpuidle: using governor ladder
Nov 16 21:00:22 project kernel: [    0.210188] cpuidle: using governor menu
Nov 16 21:00:22 project kernel: [    0.210188] ACPI: bus type PCI registered
Nov 16 21:00:22 project kernel: [    0.210188] acpiphp: ACPI Hot Plug PCI Controller Driver version: 0.5
Nov 16 21:00:22 project kernel: [    0.210188] PCI: Using configuration type 1 for base access
Nov 16 21:00:22 project kernel: [    0.210509] Kprobes globally optimized
Nov 16 21:00:22 project kernel: [    0.210523] HugeTLB registered 2.00 MiB page size, pre-allocated 0 pages
Nov 16 21:00:22 project kernel: [    0.213638] ACPI: Added _OSI(Module Device)
Nov 16 21:00:22 project kernel: [    0.213638] ACPI: Added _OSI(Processor Device)
Nov 16 21:00:22 project kernel: [    0.213638] ACPI: Added _OSI(3.0 _SCP Extensions)
Nov 16 21:00:22 project kernel: [    0.213638] ACPI: Added _OSI(Processor Aggregator Device)
Nov 16 21:00:22 project kernel: [    0.213638] ACPI: Added _OSI(Linux-Dell-Video)
Nov 16 21:00:22 project kernel: [    0.213638] ACPI: Added _OSI(Linux-Lenovo-NV-HDMI-Audio)
Nov 16 21:00:22 project kernel: [    0.213638] ACPI: Added _OSI(Linux-HPI-Hybrid-Graphics)
Nov 16 21:00:22 project kernel: [    0.214822] ACPI: 2 ACPI AML tables successfully acquired and loaded
Nov 16 21:00:22 project kernel: [    0.215889] ACPI: Interpreter enabled
Nov 16 21:00:22 project kernel: [    0.215895] ACPI: PM: (supports S0 S5)
Nov 16 21:00:22 project dbus-daemon[617]: dbus[617]: Unknown group "power" in message bus configuration file
Nov 16 21:00:22 project kernel: [    0.215896] ACPI: Using IOAPIC for interrupt routing
Nov 16 21:00:22 project kernel: [    0.216049] PCI: Using host bridge windows from ACPI; if necessary, use "pci=nocrs" and report a bug
Nov 16 21:00:22 project kernel: [    0.216050] PCI: Using E820 reservations for host bridge windows
Nov 16 21:00:22 project kernel: [    0.216113] ACPI: Enabled 2 GPEs in block 00 to 07
Nov 16 21:00:22 project kernel: [    0.220297] ACPI: PCI Root Bridge [PCI0] (domain 0000 [bus 00-ff])
Nov 16 21:00:22 project kernel: [    0.220301] acpi PNP0A03:00: _OSC: OS supports [ASPM ClockPM Segments MSI EDR HPX-Type3]
Nov 16 21:00:22 project kernel: [    0.220552] acpi PNP0A03:00: _OSC: not requesting OS control; OS requires [ExtendedConfig ASPM ClockPM MSI]
Nov 16 21:00:22 project kernel: [    0.220557] acpi PNP0A03:00: fail to add MMCONFIG information, can't access extended PCI configuration space under this bridge.
Nov 16 21:00:22 project kernel: [    0.220755] PCI host bridge to bus 0000:00
Nov 16 21:00:22 project kernel: [    0.220757] pci_bus 0000:00: root bus resource [bus 00-ff]
Nov 16 21:00:22 project kernel: [    0.220758] pci_bus 0000:00: root bus resource [io  0x0000-0x0cf7 window]
Nov 16 21:00:22 project kernel: [    0.220759] pci_bus 0000:00: root bus resource [io  0x0d00-0xffff window]
Nov 16 21:00:22 project kernel: [    0.220760] pci_bus 0000:00: root bus resource [mem 0x000a0000-0x000bffff window]
Nov 16 21:00:22 project kernel: [    0.220760] pci_bus 0000:00: root bus resource [mem 0xe0000000-0xfdffffff window]
Nov 16 21:00:22 project kernel: [    0.220971] pci 0000:00:00.0: [8086:1237] type 00 class 0x060000
Nov 16 21:00:22 project kernel: [    0.221764] pci 0000:00:01.0: [8086:7000] type 00 class 0x060100
Nov 16 21:00:22 project kernel: [    0.222138] pci 0000:00:01.1: [8086:7111] type 00 class 0x01018a
Nov 16 21:00:22 project kernel: [    0.222328] pci 0000:00:01.1: reg 0x20: [io  0xd000-0xd00f]
Nov 16 21:00:22 project kernel: [    0.222408] pci 0000:00:01.1: legacy IDE quirk: reg 0x10: [io  0x01f0-0x01f7]
Nov 16 21:00:22 project kernel: [    0.222409] pci 0000:00:01.1: legacy IDE quirk: reg 0x14: [io  0x03f6]
Nov 16 21:00:22 project kernel: [    0.222409] pci 0000:00:01.1: legacy IDE quirk: reg 0x18: [io  0x0170-0x0177]
Nov 16 21:00:22 project kernel: [    0.222410] pci 0000:00:01.1: legacy IDE quirk: reg 0x1c: [io  0x0376]
Nov 16 21:00:22 project kernel: [    0.222806] pci 0000:00:02.0: [15ad:0405] type 00 class 0x030000
Nov 16 21:00:22 project kernel: [    0.225469] pci 0000:00:02.0: reg 0x10: [io  0xd010-0xd01f]
Nov 16 21:00:22 project kernel: [    0.229205] pci 0000:00:02.0: reg 0x14: [mem 0xe0000000-0xe3ffffff pref]
Nov 16 21:00:22 project kernel: [    0.229890] pci 0000:00:02.0: reg 0x18: [mem 0xf0000000-0xf01fffff]
Nov 16 21:00:22 project kernel: [    0.245948] pci 0000:00:02.0: Video device with shadowed ROM at [mem 0x000c0000-0x000dffff]
Nov 16 21:00:22 project kernel: [    0.246474] pci 0000:00:03.0: [8086:100e] type 00 class 0x020000
Nov 16 21:00:22 project kernel: [    0.249534] pci 0000:00:03.0: reg 0x10: [mem 0xf0200000-0xf021ffff]
Nov 16 21:00:22 project kernel: [    0.257462] pci 0000:00:03.0: reg 0x18: [io  0xd020-0xd027]
Nov 16 21:00:22 project kernel: [    0.270011] pci 0000:00:04.0: [80ee:cafe] type 00 class 0x088000
Nov 16 21:00:22 project kernel: [    0.273476] pci 0000:00:04.0: reg 0x10: [io  0xd040-0xd05f]
Nov 16 21:00:22 project kernel: [    0.277458] pci 0000:00:04.0: reg 0x14: [mem 0xf0400000-0xf07fffff]
Nov 16 21:00:22 project kernel: [    0.281474] pci 0000:00:04.0: reg 0x18: [mem 0xf0800000-0xf0803fff pref]
Nov 16 21:00:22 project kernel: [    0.293964] pci 0000:00:05.0: [8086:2415] type 00 class 0x040100
Nov 16 21:00:22 project kernel: [    0.294031] pci 0000:00:05.0: reg 0x10: [io  0xd100-0xd1ff]
Nov 16 21:00:22 project kernel: [    0.294062] pci 0000:00:05.0: reg 0x14: [io  0xd200-0xd23f]
Nov 16 21:00:22 project kernel: [    0.294581] pci 0000:00:06.0: [106b:003f] type 00 class 0x0c0310
Nov 16 21:00:22 project kernel: [    0.297484] pci 0000:00:06.0: reg 0x10: [mem 0xf0804000-0xf0804fff]
Nov 16 21:00:22 project kernel: [    0.318098] pci 0000:00:07.0: [8086:7113] type 00 class 0x068000
Nov 16 21:00:22 project kernel: [    0.318338] pci 0000:00:07.0: quirk: [io  0x4000-0x403f] claimed by PIIX4 ACPI
Nov 16 21:00:22 project kernel: [    0.318344] pci 0000:00:07.0: quirk: [io  0x4100-0x410f] claimed by PIIX4 SMB
Nov 16 21:00:22 project kernel: [    0.319329] pci 0000:00:0b.0: [8086:265c] type 00 class 0x0c0320
Nov 16 21:00:22 project kernel: [    0.321563] pci 0000:00:0b.0: reg 0x10: [mem 0xf0805000-0xf0805fff]
Nov 16 21:00:22 project kernel: [    0.342202] pci 0000:00:0d.0: [8086:2829] type 00 class 0x010601
Nov 16 21:00:22 project kernel: [    0.345594] pci 0000:00:0d.0: reg 0x10: [io  0xd240-0xd247]
Nov 16 21:00:22 project kernel: [    0.349462] pci 0000:00:0d.0: reg 0x14: [io  0xd248-0xd24b]
Nov 16 21:00:22 project kernel: [    0.353456] pci 0000:00:0d.0: reg 0x18: [io  0xd250-0xd257]
Nov 16 21:00:22 project kernel: [    0.357451] pci 0000:00:0d.0: reg 0x1c: [io  0xd258-0xd25b]
Nov 16 21:00:22 project kernel: [    0.360316] pci 0000:00:0d.0: reg 0x20: [io  0xd260-0xd26f]
Nov 16 21:00:22 project kernel: [    0.361524] pci 0000:00:0d.0: reg 0x24: [mem 0xf0806000-0xf0807fff]
Nov 16 21:00:22 project kernel: [    0.372382] ACPI: PCI: Interrupt link LNKA configured for IRQ 11
Nov 16 21:00:22 project kernel: [    0.372557] ACPI: PCI: Interrupt link LNKB configured for IRQ 10
Nov 16 21:00:22 project kernel: [    0.372615] ACPI: PCI: Interrupt link LNKC configured for IRQ 9
Nov 16 21:00:22 project kernel: [    0.372674] ACPI: PCI: Interrupt link LNKD configured for IRQ 11
Nov 16 21:00:22 project kernel: [    0.372880] iommu: Default domain type: Translated 
Nov 16 21:00:22 project kernel: [    0.372880] iommu: DMA domain TLB invalidation policy: lazy mode 
Nov 16 21:00:22 project kernel: [    0.372880] SCSI subsystem initialized
Nov 16 21:00:22 project kernel: [    0.372880] libata version 3.00 loaded.
Nov 16 21:00:22 project kernel: [    0.373456] pci 0000:00:02.0: vgaarb: setting as boot VGA device
Nov 16 21:00:22 project kernel: [    0.373458] pci 0000:00:02.0: vgaarb: VGA device added: decodes=io+mem,owns=io+mem,locks=none
Nov 16 21:00:22 project kernel: [    0.373460] pci 0000:00:02.0: vgaarb: bridge control possible
Nov 16 21:00:22 project kernel: [    0.373461] vgaarb: loaded
Nov 16 21:00:22 project kernel: [    0.373482] ACPI: bus type USB registered
Nov 16 21:00:22 project kernel: [    0.373492] usbcore: registered new interface driver usbfs
Nov 16 21:00:22 project kernel: [    0.373496] usbcore: registered new interface driver hub
Nov 16 21:00:22 project kernel: [    0.373500] usbcore: registered new device driver usb
Nov 16 21:00:22 project kernel: [    0.373515] pps_core: LinuxPPS API ver. 1 registered
Nov 16 21:00:22 project kernel: [    0.373515] pps_core: Software ver. 5.3.6 - Copyright 2005-2007 Rodolfo Giometti <giometti@linux.it>
Nov 16 21:00:22 project kernel: [    0.373517] PTP clock support registered
Nov 16 21:00:22 project kernel: [    0.373541] EDAC MC: Ver: 3.0.0
Nov 16 21:00:22 project kernel: [    0.373592] NetLabel: Initializing
Nov 16 21:00:22 project kernel: [    0.373592] NetLabel:  domain hash size = 128
Nov 16 21:00:22 project kernel: [    0.373592] NetLabel:  protocols = UNLABELED CIPSOv4 CALIPSO
Nov 16 21:00:22 project kernel: [    0.373592] NetLabel:  unlabeled traffic allowed by default
Nov 16 21:00:22 project kernel: [    0.373598] PCI: Using ACPI for IRQ routing
Nov 16 21:00:22 project kernel: [    0.373598] PCI: pci_cache_line_size set to 64 bytes
Nov 16 21:00:22 project kernel: [    0.373598] e820: reserve RAM buffer [mem 0x0009fc00-0x0009ffff]
Nov 16 21:00:22 project kernel: [    0.373598] e820: reserve RAM buffer [mem 0xdfff0000-0xdfffffff]
Nov 16 21:00:22 project kernel: [    0.374112] clocksource: Switched to clocksource kvm-clock
Nov 16 21:00:22 project kernel: [    0.384507] VFS: Disk quotas dquot_6.6.0
Nov 16 21:00:22 project kernel: [    0.384518] VFS: Dquot-cache hash table entries: 512 (order 0, 4096 bytes)
Nov 16 21:00:22 project kernel: [    0.384601] AppArmor: AppArmor Filesystem Enabled
Nov 16 21:00:22 project kernel: [    0.384616] pnp: PnP ACPI init
Nov 16 21:00:22 project kernel: [    0.385171] pnp: PnP ACPI: found 2 devices
Nov 16 21:00:22 project kernel: [    0.393244] clocksource: acpi_pm: mask: 0xffffff max_cycles: 0xffffff, max_idle_ns: 2085701024 ns
Nov 16 21:00:22 project kernel: [    0.393308] NET: Registered PF_INET protocol family
Nov 16 21:00:22 project kernel: [    0.393389] IP idents hash table entries: 131072 (order: 8, 1048576 bytes, linear)
Nov 16 21:00:22 project kernel: [    0.394266] tcp_listen_portaddr_hash hash table entries: 4096 (order: 4, 65536 bytes, linear)
Nov 16 21:00:22 project kernel: [    0.394290] Table-perturb hash table entries: 65536 (order: 6, 262144 bytes, linear)
Nov 16 21:00:22 project kernel: [    0.394321] TCP established hash table entries: 65536 (order: 7, 524288 bytes, linear)
Nov 16 21:00:22 project kernel: [    0.394601] TCP bind hash table entries: 65536 (order: 8, 1048576 bytes, linear)
Nov 16 21:00:22 project kernel: [    0.394635] TCP: Hash tables configured (established 65536 bind 65536)
Nov 16 21:00:22 project kernel: [    0.394694] MPTCP token hash table entries: 8192 (order: 5, 196608 bytes, linear)
Nov 16 21:00:22 project kernel: [    0.394711] UDP hash table entries: 4096 (order: 5, 131072 bytes, linear)
Nov 16 21:00:22 project kernel: [    0.394725] UDP-Lite hash table entries: 4096 (order: 5, 131072 bytes, linear)
Nov 16 21:00:22 project kernel: [    0.394754] NET: Registered PF_UNIX/PF_LOCAL protocol family
Nov 16 21:00:22 project kernel: [    0.394760] NET: Registered PF_XDP protocol family
Nov 16 21:00:22 project kernel: [    0.394770] pci_bus 0000:00: resource 4 [io  0x0000-0x0cf7 window]
Nov 16 21:00:22 project kernel: [    0.394772] pci_bus 0000:00: resource 5 [io  0x0d00-0xffff window]
Nov 16 21:00:22 project kernel: [    0.394773] pci_bus 0000:00: resource 6 [mem 0x000a0000-0x000bffff window]
Nov 16 21:00:22 project kernel: [    0.394774] pci_bus 0000:00: resource 7 [mem 0xe0000000-0xfdffffff window]
Nov 16 21:00:22 project kernel: [    0.394807] pci 0000:00:00.0: Limiting direct PCI/PCI transfers
Nov 16 21:00:22 project kernel: [    0.394815] pci 0000:00:01.0: Activating ISA DMA hang workarounds
Nov 16 21:00:22 project kernel: [    0.396187] PCI: CLS 0 bytes, default 64
Nov 16 21:00:22 project kernel: [    0.396226] Trying to unpack rootfs image as initramfs...
Nov 16 21:00:22 project kernel: [    0.410469] PCI-DMA: Using software bounce buffering for IO (SWIOTLB)
Nov 16 21:00:22 project kernel: [    0.410472] software IO TLB: mapped [mem 0x00000000dbff0000-0x00000000dfff0000] (64MB)
Nov 16 21:00:22 project kernel: [    0.410506] clocksource: tsc: mask: 0xffffffffffffffff max_cycles: 0x33e458e6624, max_idle_ns: 440795259572 ns
Nov 16 21:00:22 project kernel: [    0.410571] clocksource: Switched to clocksource tsc
Nov 16 21:00:22 project kernel: [    0.410602] platform rtc_cmos: registered platform RTC device (no PNP device found)
Nov 16 21:00:22 project kernel: [    0.411528] Initialise system trusted keyrings
Nov 16 21:00:22 project kernel: [    0.411543] Key type blacklist registered
Nov 16 21:00:22 project kernel: [    0.411614] workingset: timestamp_bits=36 max_order=21 bucket_order=0
Nov 16 21:00:22 project kernel: [    0.412291] zbud: loaded
Nov 16 21:00:22 project kernel: [    0.412472] squashfs: version 4.0 (2009/01/31) Phillip Lougher
Nov 16 21:00:22 project kernel: [    0.412928] fuse: init (API version 7.34)
Nov 16 21:00:22 project kernel: [    0.413193] integrity: Platform Keyring initialized
Nov 16 21:00:22 project kernel: [    0.418979] Key type asymmetric registered
Nov 16 21:00:22 project kernel: [    0.418982] Asymmetric key parser 'x509' registered
Nov 16 21:00:22 project kernel: [    0.419009] Block layer SCSI generic (bsg) driver version 0.4 loaded (major 243)
Nov 16 21:00:22 project kernel: [    0.419050] io scheduler mq-deadline registered
Nov 16 21:00:22 project kernel: [    0.419990] shpchp: Standard Hot Plug PCI Controller Driver version: 0.4
Nov 16 21:00:22 project kernel: [    0.420137] ACPI: AC: AC Adapter [AC] (on-line)
Nov 16 21:00:22 project kernel: [    0.420394] input: Power Button as /devices/LNXSYSTM:00/LNXPWRBN:00/input/input0
Nov 16 21:00:22 project kernel: [    0.420423] ACPI: button: Power Button [PWRF]
Nov 16 21:00:22 project kernel: [    0.420469] input: Sleep Button as /devices/LNXSYSTM:00/LNXSLPBN:00/input/input1
Nov 16 21:00:22 project kernel: [    0.420479] ACPI: button: Sleep Button [SLPF]
Nov 16 21:00:22 project kernel: [    0.421073] Serial: 8250/16550 driver, 32 ports, IRQ sharing enabled
Nov 16 21:00:22 project kernel: [    0.424513] Linux agpgart interface v0.103
Nov 16 21:00:22 project kernel: [    0.426782] loop: module loaded
Nov 16 21:00:22 project kernel: [    0.427082] ata_piix 0000:00:01.1: version 2.13
Nov 16 21:00:22 project kernel: [    0.427449] scsi host0: ata_piix
Nov 16 21:00:22 project kernel: [    0.427541] scsi host1: ata_piix
Nov 16 21:00:22 project kernel: [    0.427556] ata1: PATA max UDMA/33 cmd 0x1f0 ctl 0x3f6 bmdma 0xd000 irq 14
Nov 16 21:00:22 project kernel: [    0.427558] ata2: PATA max UDMA/33 cmd 0x170 ctl 0x376 bmdma 0xd008 irq 15
Nov 16 21:00:22 project kernel: [    0.427674] tun: Universal TUN/TAP device driver, 1.6
Nov 16 21:00:22 project kernel: [    0.427913] PPP generic driver version 2.4.2
Nov 16 21:00:22 project kernel: [    0.427979] VFIO - User Level meta-driver version: 0.3
Nov 16 21:00:22 project kernel: [    0.428064] ehci_hcd: USB 2.0 'Enhanced' Host Controller (EHCI) Driver
Nov 16 21:00:22 project kernel: [    0.428069] ehci-pci: EHCI PCI platform driver
Nov 16 21:00:22 project kernel: [    0.428472] ehci-pci 0000:00:0b.0: EHCI Host Controller
Nov 16 21:00:22 project kernel: [    0.428477] ehci-pci 0000:00:0b.0: new USB bus registered, assigned bus number 1
Nov 16 21:00:22 project kernel: [    0.428595] ehci-pci 0000:00:0b.0: irq 19, io mem 0xf0805000
Nov 16 21:00:22 project kernel: [    0.441762] ehci-pci 0000:00:0b.0: USB 2.0 started, EHCI 1.00
Nov 16 21:00:22 project kernel: [    0.441826] usb usb1: New USB device found, idVendor=1d6b, idProduct=0002, bcdDevice= 5.15
Nov 16 21:00:22 project kernel: [    0.441828] usb usb1: New USB device strings: Mfr=3, Product=2, SerialNumber=1
Nov 16 21:00:22 project kernel: [    0.441829] usb usb1: Product: EHCI Host Controller
Nov 16 21:00:22 project kernel: [    0.441830] usb usb1: Manufacturer: Linux 5.15.0-53-generic ehci_hcd
Nov 16 21:00:22 project kernel: [    0.441831] usb usb1: SerialNumber: 0000:00:0b.0
Nov 16 21:00:22 project kernel: [    0.441946] hub 1-0:1.0: USB hub found
Nov 16 21:00:22 project kernel: [    0.441951] hub 1-0:1.0: 12 ports detected
Nov 16 21:00:22 project kernel: [    0.442096] ehci-platform: EHCI generic platform driver
Nov 16 21:00:22 project kernel: [    0.442109] ohci_hcd: USB 1.1 'Open' Host Controller (OHCI) Driver
Nov 16 21:00:22 project kernel: [    0.442112] ohci-pci: OHCI PCI platform driver
Nov 16 21:00:22 project kernel: [    0.442757] ohci-pci 0000:00:06.0: OHCI PCI host controller
Nov 16 21:00:22 project kernel: [    0.442762] ohci-pci 0000:00:06.0: new USB bus registered, assigned bus number 2
Nov 16 21:00:22 project kernel: [    0.442809] ohci-pci 0000:00:06.0: irq 22, io mem 0xf0804000
Nov 16 21:00:22 project kernel: [    0.502533] usb usb2: New USB device found, idVendor=1d6b, idProduct=0001, bcdDevice= 5.15
Nov 16 21:00:22 project kernel: [    0.502538] usb usb2: New USB device strings: Mfr=3, Product=2, SerialNumber=1
Nov 16 21:00:22 project kernel: [    0.502539] usb usb2: Product: OHCI PCI host controller
Nov 16 21:00:22 project kernel: [    0.502540] usb usb2: Manufacturer: Linux 5.15.0-53-generic ohci_hcd
Nov 16 21:00:22 project kernel: [    0.502541] usb usb2: SerialNumber: 0000:00:06.0
Nov 16 21:00:22 project kernel: [    0.502676] hub 2-0:1.0: USB hub found
Nov 16 21:00:22 project kernel: [    0.502685] hub 2-0:1.0: 12 ports detected
Nov 16 21:00:22 project kernel: [    0.502911] ohci-platform: OHCI generic platform driver
Nov 16 21:00:22 project kernel: [    0.502926] uhci_hcd: USB Universal Host Controller Interface driver
Nov 16 21:00:22 project kernel: [    0.502973] i8042: PNP: PS/2 Controller [PNP0303:PS2K,PNP0f03:PS2M] at 0x60,0x64 irq 1,12
Nov 16 21:00:22 project kernel: [    0.503382] serio: i8042 KBD port at 0x60,0x64 irq 1
Nov 16 21:00:22 project kernel: [    0.503387] serio: i8042 AUX port at 0x60,0x64 irq 12
Nov 16 21:00:22 project kernel: [    0.503510] mousedev: PS/2 mouse device common for all mice
Nov 16 21:00:22 project kernel: [    0.503837] input: AT Translated Set 2 keyboard as /devices/platform/i8042/serio0/input/input2
Nov 16 21:00:22 project kernel: [    0.504107] rtc_cmos rtc_cmos: registered as rtc0
Nov 16 21:00:22 project kernel: [    0.504129] rtc_cmos rtc_cmos: setting system clock to 2022-11-16T20:00:16 UTC (1668628816)
Nov 16 21:00:22 project kernel: [    0.504140] rtc_cmos rtc_cmos: alarms up to one day, 114 bytes nvram
Nov 16 21:00:22 project kernel: [    0.504145] i2c_dev: i2c /dev entries driver
Nov 16 21:00:22 project kernel: [    0.504162] device-mapper: core: CONFIG_IMA_DISABLE_HTABLE is disabled. Duplicate IMA measurements will not be recorded in the IMA log.
Nov 16 21:00:22 project kernel: [    0.504185] device-mapper: uevent: version 1.0.3
Nov 16 21:00:22 project kernel: [    0.504245] device-mapper: ioctl: 4.45.0-ioctl (2021-03-22) initialised: dm-devel@redhat.com
Nov 16 21:00:22 project kernel: [    0.504262] platform eisa.0: Probing EISA bus 0
Nov 16 21:00:22 project kernel: [    0.504264] platform eisa.0: EISA: Cannot allocate resource for mainboard
Nov 16 21:00:22 project kernel: [    0.504265] platform eisa.0: Cannot allocate resource for EISA slot 1
Nov 16 21:00:22 project kernel: [    0.504265] platform eisa.0: Cannot allocate resource for EISA slot 2
Nov 16 21:00:22 project kernel: [    0.504266] platform eisa.0: Cannot allocate resource for EISA slot 3
Nov 16 21:00:22 project kernel: [    0.504267] platform eisa.0: Cannot allocate resource for EISA slot 4
Nov 16 21:00:22 project kernel: [    0.504267] platform eisa.0: Cannot allocate resource for EISA slot 5
Nov 16 21:00:22 project kernel: [    0.504268] platform eisa.0: Cannot allocate resource for EISA slot 6
Nov 16 21:00:22 project kernel: [    0.504269] platform eisa.0: Cannot allocate resource for EISA slot 7
Nov 16 21:00:22 project kernel: [    0.504270] platform eisa.0: Cannot allocate resource for EISA slot 8
Nov 16 21:00:22 project kernel: [    0.504270] platform eisa.0: EISA: Detected 0 cards
Nov 16 21:00:22 project kernel: [    0.504272] intel_pstate: CPU model not supported
Nov 16 21:00:22 project kernel: [    0.504927] ledtrig-cpu: registered to indicate activity on CPUs
Nov 16 21:00:22 project kernel: [    0.504996] drop_monitor: Initializing network drop monitor service
Nov 16 21:00:22 project kernel: [    0.505089] NET: Registered PF_INET6 protocol family
Nov 16 21:00:22 project kernel: [    0.525508] Freeing initrd memory: 68176K
Nov 16 21:00:22 project kernel: [    0.529528] Segment Routing with IPv6
Nov 16 21:00:22 project kernel: [    0.529539] In-situ OAM (IOAM) with IPv6
Nov 16 21:00:22 project kernel: [    0.529558] NET: Registered PF_PACKET protocol family
Nov 16 21:00:22 project kernel: [    0.529598] Key type dns_resolver registered
Nov 16 21:00:22 project kernel: [    0.529892] IPI shorthand broadcast: enabled
Nov 16 21:00:22 project kernel: [    0.529898] sched_clock: Marking stable (523315524, 6546689)->(532905581, -3043368)
Nov 16 21:00:22 project kernel: [    0.530010] registered taskstats version 1
Nov 16 21:00:22 project kernel: [    0.530081] Loading compiled-in X.509 certificates
Nov 16 21:00:22 project kernel: [    0.530461] Loaded X.509 cert 'Build time autogenerated kernel key: 3279f531c5aeb53e5b2151c4b203f3206a843258'
Nov 16 21:00:22 project kernel: [    0.530759] Loaded X.509 cert 'Canonical Ltd. Live Patch Signing: 14df34d1a87cf37625abec039ef2bf521249b969'
Nov 16 21:00:22 project kernel: [    0.531043] Loaded X.509 cert 'Canonical Ltd. Kernel Module Signing: 88f752e560a1e0737e31163a466ad7b70a850c19'
Nov 16 21:00:22 project kernel: [    0.531044] blacklist: Loading compiled-in revocation X.509 certificates
Nov 16 21:00:22 project kernel: [    0.531054] Loaded X.509 cert 'Canonical Ltd. Secure Boot Signing: 61482aa2830d0ab2ad5af10b7250da9033ddcef0'
Nov 16 21:00:22 project kernel: [    0.531134] zswap: loaded using pool lzo/zbud
Nov 16 21:00:22 project kernel: [    0.531378] Key type ._fscrypt registered
Nov 16 21:00:22 project kernel: [    0.531379] Key type .fscrypt registered
Nov 16 21:00:22 project kernel: [    0.531379] Key type fscrypt-provisioning registered
Nov 16 21:00:22 project kernel: [    0.533088] Key type encrypted registered
Nov 16 21:00:22 project kernel: [    0.533091] AppArmor: AppArmor sha1 policy hashing enabled
Nov 16 21:00:22 project kernel: [    0.533097] ima: No TPM chip found, activating TPM-bypass!
Nov 16 21:00:22 project kernel: [    0.533100] Loading compiled-in module X.509 certificates
Nov 16 21:00:22 project kernel: [    0.533390] Loaded X.509 cert 'Build time autogenerated kernel key: 3279f531c5aeb53e5b2151c4b203f3206a843258'
Nov 16 21:00:22 project kernel: [    0.533391] ima: Allocated hash algorithm: sha1
Nov 16 21:00:22 project kernel: [    0.533396] ima: No architecture policies found
Nov 16 21:00:22 project kernel: [    0.533402] evm: Initialising EVM extended attributes:
Nov 16 21:00:22 project kernel: [    0.533403] evm: security.selinux
Nov 16 21:00:22 project kernel: [    0.533403] evm: security.SMACK64
Nov 16 21:00:22 project kernel: [    0.533404] evm: security.SMACK64EXEC
Nov 16 21:00:22 project kernel: [    0.533404] evm: security.SMACK64TRANSMUTE
Nov 16 21:00:22 project kernel: [    0.533405] evm: security.SMACK64MMAP
Nov 16 21:00:22 project kernel: [    0.533405] evm: security.apparmor
Nov 16 21:00:22 project kernel: [    0.533405] evm: security.ima
Nov 16 21:00:22 project kernel: [    0.533406] evm: security.capability
Nov 16 21:00:22 project kernel: [    0.533406] evm: HMAC attrs: 0x1
Nov 16 21:00:22 project kernel: [    0.533630] PM:   Magic number: 14:317:43
Nov 16 21:00:22 project kernel: [    0.533813] RAS: Correctable Errors collector initialized.
Nov 16 21:00:22 project kernel: [    0.597231] ata2.00: ATAPI: VBOX CD-ROM, 1.0, max UDMA/133
Nov 16 21:00:22 project kernel: [    0.598174] scsi 1:0:0:0: CD-ROM            VBOX     CD-ROM           1.0  PQ: 0 ANSI: 5
Nov 16 21:00:22 project kernel: [    0.626131] sr 1:0:0:0: [sr0] scsi3-mmc drive: 32x/32x xa/form2 tray
Nov 16 21:00:22 project kernel: [    0.626134] cdrom: Uniform CD-ROM driver Revision: 3.20
Nov 16 21:00:22 project kernel: [    0.654442] sr 1:0:0:0: Attached scsi CD-ROM sr0
Nov 16 21:00:22 project kernel: [    0.654578] sr 1:0:0:0: Attached scsi generic sg0 type 5
Nov 16 21:00:22 project kernel: [    0.655687] Freeing unused decrypted memory: 2036K
Nov 16 21:00:22 project kernel: [    0.656109] Freeing unused kernel image (initmem) memory: 3228K
Nov 16 21:00:22 project kernel: [    0.669736] Write protecting the kernel read-only data: 30720k
Nov 16 21:00:22 project kernel: [    0.670181] Freeing unused kernel image (text/rodata gap) memory: 2036K
Nov 16 21:00:22 project kernel: [    0.670448] Freeing unused kernel image (rodata/data gap) memory: 1504K
Nov 16 21:00:22 project kernel: [    0.721179] x86/mm: Checked W+X mappings: passed, no W+X pages found.
Nov 16 21:00:22 project kernel: [    0.721186] Run /init as init process
Nov 16 21:00:22 project kernel: [    0.721188]   with arguments:
Nov 16 21:00:22 project kernel: [    0.721188]     /init
Nov 16 21:00:22 project kernel: [    0.721189]     splash
Nov 16 21:00:22 project kernel: [    0.721190]   with environment:
Nov 16 21:00:22 project kernel: [    0.721190]     HOME=/
Nov 16 21:00:22 project kernel: [    0.721190]     TERM=linux
Nov 16 21:00:22 project kernel: [    0.721191]     BOOT_IMAGE=/boot/vmlinuz-5.15.0-53-generic
Nov 16 21:00:22 project kernel: [    0.772410] e1000: Intel(R) PRO/1000 Network Driver
Nov 16 21:00:22 project kernel: [    0.772412] e1000: Copyright (c) 1999-2006 Intel Corporation.
Nov 16 21:00:22 project kernel: [    0.774276] piix4_smbus 0000:00:07.0: SMBus Host Controller at 0x4100, revision 0
Nov 16 21:00:22 project kernel: [    0.774405] ahci 0000:00:0d.0: version 3.0
Nov 16 21:00:22 project kernel: [    0.779157] ACPI: video: Video Device [GFX0] (multi-head: yes  rom: no  post: no)
Nov 16 21:00:22 project kernel: [    0.779205] ahci 0000:00:0d.0: SSS flag set, parallel bus scan disabled
Nov 16 21:00:22 project kernel: [    0.779206] input: Video Bus as /devices/LNXSYSTM:00/LNXSYBUS:00/PNP0A03:00/LNXVIDEO:00/input/input5
Nov 16 21:00:22 project kernel: [    0.779277] ahci 0000:00:0d.0: AHCI 0001.0100 32 slots 1 ports 3 Gbps 0x1 impl SATA mode
Nov 16 21:00:22 project kernel: [    0.779279] ahci 0000:00:0d.0: flags: 64bit ncq stag only ccc 
Nov 16 21:00:22 project kernel: [    0.779560] scsi host2: ahci
Nov 16 21:00:22 project kernel: [    0.787809] ata3: SATA max UDMA/133 abar m8192@0xf0806000 port 0xf0806100 irq 21
Nov 16 21:00:22 project kernel: [    0.941536] usb 2-1: new full-speed USB device number 2 using ohci-pci
Nov 16 21:00:22 project kernel: [    0.983637] input: ImExPS/2 Generic Explorer Mouse as /devices/platform/i8042/serio1/input/input4
Nov 16 21:00:22 project kernel: [    1.099769] ata3: SATA link up 3.0 Gbps (SStatus 123 SControl 300)
Nov 16 21:00:22 project kernel: [    1.099862] ata3.00: ATA-6: VBOX HARDDISK, 1.0, max UDMA/133
Nov 16 21:00:22 project kernel: [    1.099865] ata3.00: 52428800 sectors, multi 128: LBA48 NCQ (depth 32)
Nov 16 21:00:22 project kernel: [    1.099942] ata3.00: configured for UDMA/133
Nov 16 21:00:22 project kernel: [    1.100014] scsi 2:0:0:0: Direct-Access     ATA      VBOX HARDDISK    1.0  PQ: 0 ANSI: 5
Nov 16 21:00:22 project kernel: [    1.100158] sd 2:0:0:0: [sda] 52428800 512-byte logical blocks: (26.8 GB/25.0 GiB)
Nov 16 21:00:22 project kernel: [    1.100163] sd 2:0:0:0: [sda] Write Protect is off
Nov 16 21:00:22 project kernel: [    1.100164] sd 2:0:0:0: [sda] Mode Sense: 00 3a 00 00
Nov 16 21:00:22 project kernel: [    1.100171] sd 2:0:0:0: [sda] Write cache: enabled, read cache: enabled, doesn't support DPO or FUA
Nov 16 21:00:22 project kernel: [    1.100214] sd 2:0:0:0: Attached scsi generic sg1 type 0
Nov 16 21:00:22 project kernel: [    1.121275] e1000 0000:00:03.0 eth0: (PCI:33MHz:32-bit) 08:00:27:9a:d3:df
Nov 16 21:00:22 project kernel: [    1.121282] e1000 0000:00:03.0 eth0: Intel(R) PRO/1000 Network Connection
Nov 16 21:00:22 project kernel: [    1.122580]  sda: sda1 sda2 < sda5 >
Nov 16 21:00:22 project kernel: [    1.142158] sd 2:0:0:0: [sda] Attached SCSI disk
Nov 16 21:00:22 project kernel: [    1.142788] e1000 0000:00:03.0 enp0s3: renamed from eth0
Nov 16 21:00:22 project kernel: [    1.761264] usb 2-1: New USB device found, idVendor=80ee, idProduct=0021, bcdDevice= 1.00
Nov 16 21:00:22 project kernel: [    1.761268] usb 2-1: New USB device strings: Mfr=1, Product=3, SerialNumber=0
Nov 16 21:00:22 project kernel: [    1.761282] usb 2-1: Product: USB Tablet
Nov 16 21:00:22 project kernel: [    1.761283] usb 2-1: Manufacturer: VirtualBox
Nov 16 21:00:22 project kernel: [    1.769039] hid: raw HID events driver (C) Jiri Kosina
Nov 16 21:00:22 project kernel: [    1.782564] usbcore: registered new interface driver usbhid
Nov 16 21:00:22 project kernel: [    1.782566] usbhid: USB HID core driver
Nov 16 21:00:22 project kernel: [    1.784083] input: VirtualBox USB Tablet as /devices/pci0000:00/0000:00:06.0/usb2/2-1/2-1:1.0/0003:80EE:0021.0001/input/input6
Nov 16 21:00:22 project kernel: [    1.784391] hid-generic 0003:80EE:0021.0001: input,hidraw0: USB HID v1.10 Mouse [VirtualBox USB Tablet] on usb-0000:00:06.0-1/input0
Nov 16 21:00:22 project kernel: [    1.977208] EXT4-fs (sda5): mounted filesystem with ordered data mode. Opts: (null). Quota mode: none.
Nov 16 21:00:22 project kernel: [    2.058832] systemd[1]: Inserted module 'autofs4'
Nov 16 21:00:22 project kernel: [    2.070748] systemd[1]: systemd 245.4-4ubuntu3.17 running in system mode. (+PAM +AUDIT +SELINUX +IMA +APPARMOR +SMACK +SYSVINIT +UTMP +LIBCRYPTSETUP +GCRYPT +GNUTLS +ACL +XZ +LZ4 +SECCOMP +BLKID +ELFUTILS +KMOD +IDN2 -IDN +PCRE2 default-hierarchy=hybrid)
Nov 16 21:00:22 project kernel: [    2.070769] systemd[1]: Detected virtualization oracle.
Nov 16 21:00:22 project kernel: [    2.070773] systemd[1]: Detected architecture x86-64.
Nov 16 21:00:22 project kernel: [    2.250392] systemd[1]: Set hostname to <project>.
Nov 16 21:00:22 project kernel: [    2.252049] systemd[1]: Initializing machine ID from random generator.
Nov 16 21:00:22 project kernel: [    2.252074] systemd[1]: Installed transient /etc/machine-id file.
Nov 16 21:00:22 project kernel: [    2.341347] systemd[1]: Created slice system-modprobe.slice.
Nov 16 21:00:22 project kernel: [    2.341525] systemd[1]: Created slice system-systemd\x2dfsck.slice.
Nov 16 21:00:22 project kernel: [    2.341637] systemd[1]: Created slice User and Session Slice.
Nov 16 21:00:22 project kernel: [    2.341676] systemd[1]: Started Forward Password Requests to Wall Directory Watch.
Nov 16 21:00:22 project kernel: [    2.341801] systemd[1]: Set up automount Arbitrary Executable File Formats File System Automount Point.
Nov 16 21:00:22 project kernel: [    2.341828] systemd[1]: Reached target User and Group Name Lookups.
Nov 16 21:00:22 project kernel: [    2.341835] systemd[1]: Reached target Remote File Systems.
Nov 16 21:00:22 project kernel: [    2.341839] systemd[1]: Reached target Slices.
Nov 16 21:00:22 project kernel: [    2.341848] systemd[1]: Reached target System Time Set.
Nov 16 21:00:22 project kernel: [    2.341854] systemd[1]: Reached target System Time Synchronized.
Nov 16 21:00:22 project kernel: [    2.341941] systemd[1]: Listening on Syslog Socket.
Nov 16 21:00:22 project kernel: [    2.341988] systemd[1]: Listening on fsck to fsckd communication Socket.
Nov 16 21:00:22 project kernel: [    2.342018] systemd[1]: Listening on initctl Compatibility Named Pipe.
Nov 16 21:00:22 project kernel: [    2.342113] systemd[1]: Listening on Journal Audit Socket.
Nov 16 21:00:22 project kernel: [    2.342151] systemd[1]: Listening on Journal Socket (/dev/log).
Nov 16 21:00:22 project kernel: [    2.342198] systemd[1]: Listening on Journal Socket.
Nov 16 21:00:22 project kernel: [    2.342246] systemd[1]: Listening on udev Control Socket.
Nov 16 21:00:22 project kernel: [    2.342278] systemd[1]: Listening on udev Kernel Socket.
Nov 16 21:00:22 project kernel: [    2.342904] systemd[1]: Mounting Huge Pages File System...
Nov 16 21:00:22 project kernel: [    2.343492] systemd[1]: Mounting POSIX Message Queue File System...
Nov 16 21:00:22 project kernel: [    2.344096] systemd[1]: Mounting Kernel Debug File System...
Nov 16 21:00:22 project kernel: [    2.344609] systemd[1]: Mounting Kernel Trace File System...
Nov 16 21:00:22 project kernel: [    2.345735] systemd[1]: Starting Journal Service...
Nov 16 21:00:22 project kernel: [    2.346296] systemd[1]: Starting Set the console keyboard layout...
Nov 16 21:00:22 project kernel: [    2.347452] systemd[1]: Starting Create list of static device nodes for the current kernel...
Nov 16 21:00:22 project kernel: [    2.348084] systemd[1]: Starting Load Kernel Module drm...
Nov 16 21:00:22 project kernel: [    2.349073] systemd[1]: Condition check resulted in Set Up Additional Binary Formats being skipped.
Nov 16 21:00:22 project kernel: [    2.349103] systemd[1]: Condition check resulted in File System Check on Root Device being skipped.
Nov 16 21:00:22 project kernel: [    2.350686] systemd[1]: Starting Load Kernel Modules...
Nov 16 21:00:22 project kernel: [    2.351490] systemd[1]: Starting Remount Root and Kernel File Systems...
Nov 16 21:00:22 project kernel: [    2.352066] systemd[1]: Starting udev Coldplug all Devices...
Nov 16 21:00:22 project kernel: [    2.352617] systemd[1]: Starting Uncomplicated firewall...
Nov 16 21:00:22 project kernel: [    2.354233] systemd[1]: Mounted Huge Pages File System.
Nov 16 21:00:22 project kernel: [    2.354337] systemd[1]: Mounted POSIX Message Queue File System.
Nov 16 21:00:22 project kernel: [    2.355759] systemd[1]: Mounted Kernel Debug File System.
Nov 16 21:00:22 project kernel: [    2.355843] systemd[1]: Mounted Kernel Trace File System.
Nov 16 21:00:22 project kernel: [    2.356148] systemd[1]: Finished Create list of static device nodes for the current kernel.
Nov 16 21:00:22 project kernel: [    2.362211] systemd[1]: Finished Uncomplicated firewall.
Nov 16 21:00:22 project kernel: [    2.363795] EXT4-fs (sda5): re-mounted. Opts: errors=remount-ro. Quota mode: none.
Nov 16 21:00:22 project kernel: [    2.364494] systemd[1]: modprobe@drm.service: Succeeded.
Nov 16 21:00:22 project kernel: [    2.365257] systemd[1]: Finished Load Kernel Module drm.
Nov 16 21:00:22 project kernel: [    2.365688] systemd[1]: Finished Remount Root and Kernel File Systems.
Nov 16 21:00:22 project kernel: [    2.366637] systemd[1]: Activating swap /swapfile...
Nov 16 21:00:22 project kernel: [    2.367855] systemd[1]: Condition check resulted in Rebuild Hardware Database being skipped.
Nov 16 21:00:22 project kernel: [    2.367889] systemd[1]: Condition check resulted in Platform Persistent Storage Archival being skipped.
Nov 16 21:00:22 project kernel: [    2.367937] lp: driver loaded but no devices found
Nov 16 21:00:22 project kernel: [    2.368538] systemd[1]: Starting Load/Save Random Seed...
Nov 16 21:00:22 project kernel: [    2.371245] Adding 1190340k swap on /swapfile.  Priority:-2 extents:5 across:1223108k FS
Nov 16 21:00:22 project kernel: [    2.374180] systemd[1]: Starting Create System Users...
Nov 16 21:00:22 project kernel: [    2.374265] systemd[1]: Activated swap /swapfile.
Nov 16 21:00:22 project kernel: [    2.374456] systemd[1]: Reached target Swap.
Nov 16 21:00:22 project kernel: [    2.376320] systemd[1]: Finished Load/Save Random Seed.
Nov 16 21:00:22 project kernel: [    2.377200] ppdev: user-space parallel port driver
Nov 16 21:00:22 project kernel: [    2.385968] systemd[1]: Started Journal Service.
Nov 16 21:00:22 project kernel: [    2.390036] IPMI message handler: version 39.2
Nov 16 21:00:22 project kernel: [    2.391001] systemd-journald[256]: Received client request to flush runtime journal.
Nov 16 21:00:22 project kernel: [    2.391599] ipmi device interface
Nov 16 21:00:22 project kernel: [    2.426692] loop0: detected capacity change from 0 to 126888
Nov 16 21:00:22 project kernel: [    2.445906] loop1: detected capacity change from 0 to 8
Nov 16 21:00:22 project kernel: [    2.445996] loop2: detected capacity change from 0 to 96176
Nov 16 21:00:22 project kernel: [    2.461817] loop3: detected capacity change from 0 to 111080
Nov 16 21:00:22 project kernel: [    2.477313] loop4: detected capacity change from 0 to 709216
Nov 16 21:00:22 project kernel: [    2.477392] loop5: detected capacity change from 0 to 187776
Nov 16 21:00:22 project kernel: [    2.539243] vboxguest: host-version: 7.0.2r154219 0x8000000f
Nov 16 21:00:22 project kernel: [    2.539632] vbg_heartbeat_init: Setting up heartbeat to trigger every 2000 milliseconds
Nov 16 21:00:22 project kernel: [    2.539686] input: VirtualBox mouse integration as /devices/pci0000:00/0000:00:04.0/input/input7
Nov 16 21:00:22 project kernel: [    2.547293] vboxguest: misc device minor 123, IRQ 20, I/O port d040, MMIO at 0x00000000f0400000 (size 0x0000000000400000)
Nov 16 21:00:22 project kernel: [    2.649288] cryptd: max_cpu_qlen set to 1000
Nov 16 21:00:22 project kernel: [    2.666294] AVX2 version of gcm_enc/dec engaged.
Nov 16 21:00:22 project kernel: [    2.666410] AES CTR mode by8 optimization enabled
Nov 16 21:00:22 project kernel: [    2.696702] vmwgfx 0000:00:02.0: vgaarb: deactivate vga console
Nov 16 21:00:22 project kernel: [    2.709203] Console: switching to colour dummy device 80x25
Nov 16 21:00:22 project kernel: [    2.712151] [TTM] Zone  kernel: Available graphics memory: 4070188 KiB
Nov 16 21:00:22 project kernel: [    2.712154] [TTM] Zone   dma32: Available graphics memory: 2097152 KiB
Nov 16 21:00:22 project kernel: [    2.712184] vmwgfx 0000:00:02.0: [drm] FIFO at 0x00000000f0000000 size is 2048 kiB
Nov 16 21:00:22 project kernel: [    2.712206] vmwgfx 0000:00:02.0: [drm] VRAM at 0x00000000e0000000 size is 65536 kiB
Nov 16 21:00:22 project kernel: [    2.712213] vmwgfx 0000:00:02.0: [drm] Running on SVGA version 2.
Nov 16 21:00:22 project kernel: [    2.712216] vmwgfx 0000:00:02.0: [drm] DMA map mode: Caching DMA mappings.
Nov 16 21:00:22 project kernel: [    2.712244] vmwgfx 0000:00:02.0: [drm] Legacy memory limits: VRAM = 65536 kB, FIFO = 2048 kB, surface = 458752 kB
Nov 16 21:00:22 project kernel: [    2.712245] vmwgfx 0000:00:02.0: [drm] MOB limits: max mob size = 0 kB, max mob pages = 0
Nov 16 21:00:22 project kernel: [    2.712248] vmwgfx 0000:00:02.0: [drm] Capabilities: rect copy, cursor, cursor bypass, cursor bypass 2, alpha cursor, extended fifo, pitchlock, irq mask, gmr, traces, gmr2, screen object 2, command buffers, 
Nov 16 21:00:22 project kernel: [    2.712249] vmwgfx 0000:00:02.0: [drm] Max GMR ids is 8192
Nov 16 21:00:22 project kernel: [    2.712251] vmwgfx 0000:00:02.0: [drm] Max number of GMR pages is 1048576
Nov 16 21:00:22 project kernel: [    2.712252] vmwgfx 0000:00:02.0: [drm] Maximum display memory size is 65536 kiB
Nov 16 21:00:22 project kernel: [    2.714429] vmwgfx 0000:00:02.0: [drm] Screen Object display unit initialized
Nov 16 21:00:22 project kernel: [    2.714631] vmwgfx 0000:00:02.0: [drm] Fifo max 0x00200000 min 0x00001000 cap 0x00000355
Nov 16 21:00:22 project kernel: [    2.714828] vmwgfx 0000:00:02.0: [drm] Using command buffers with DMA pool.
Nov 16 21:00:22 project kernel: [    2.714840] vmwgfx 0000:00:02.0: [drm] Available shader model: Legacy.
Nov 16 21:00:22 project kernel: [    2.714844] [drm:vmw_host_printf [vmwgfx]] *ERROR* Failed to send host log message.
Nov 16 21:00:22 project kernel: [    2.717122] fbcon: svgadrmfb (fb0) is primary device
Nov 16 21:00:22 project kernel: [    2.717621] Console: switching to colour frame buffer device 100x37
Nov 16 21:00:22 project kernel: [    2.718578] [drm] Initialized vmwgfx 2.19.0 20210722 for 0000:00:02.0 on minor 0
Nov 16 21:00:22 project kernel: [    2.982985] snd_intel8x0 0000:00:05.0: allow list rate for 1028:0177 is 48000
Nov 16 21:00:22 project kernel: [    3.424095] audit: type=1400 audit(1668628819.415:2): apparmor="STATUS" operation="profile_load" profile="unconfined" name="ippusbxd" pid=576 comm="apparmor_parser"
Nov 16 21:00:22 project kernel: [    3.434466] audit: type=1400 audit(1668628819.427:3): apparmor="STATUS" operation="profile_load" profile="unconfined" name="libreoffice-senddoc" pid=574 comm="apparmor_parser"
Nov 16 21:00:22 project kernel: [    3.456049] audit: type=1400 audit(1668628819.447:4): apparmor="STATUS" operation="profile_load" profile="unconfined" name="libreoffice-oopslash" pid=582 comm="apparmor_parser"
Nov 16 21:00:22 project kernel: [    3.458749] audit: type=1400 audit(1668628819.451:5): apparmor="STATUS" operation="profile_load" profile="unconfined" name="libreoffice-xpdfimport" pid=581 comm="apparmor_parser"
Nov 16 21:00:22 project kernel: [    3.497762] audit: type=1400 audit(1668628819.491:6): apparmor="STATUS" operation="profile_load" profile="unconfined" name="/usr/lib/NetworkManager/nm-dhcp-client.action" pid=573 comm="apparmor_parser"
Nov 16 21:00:22 project kernel: [    3.498575] audit: type=1400 audit(1668628819.491:7): apparmor="STATUS" operation="profile_load" profile="unconfined" name="/usr/lib/NetworkManager/nm-dhcp-helper" pid=573 comm="apparmor_parser"
Nov 16 21:00:22 project kernel: [    3.499338] audit: type=1400 audit(1668628819.491:8): apparmor="STATUS" operation="profile_load" profile="unconfined" name="/usr/lib/connman/scripts/dhclient-script" pid=573 comm="apparmor_parser"
Nov 16 21:00:22 project kernel: [    3.501024] audit: type=1400 audit(1668628819.491:9): apparmor="STATUS" operation="profile_load" profile="unconfined" name="/{,usr/}sbin/dhclient" pid=573 comm="apparmor_parser"
Nov 16 21:00:22 project kernel: [    3.521207] audit: type=1400 audit(1668628819.511:10): apparmor="STATUS" operation="profile_load" profile="unconfined" name="lsb_release" pid=585 comm="apparmor_parser"
Nov 16 21:00:22 project kernel: [    6.122456] kauditd_printk_skb: 17 callbacks suppressed
Nov 16 21:00:22 project kernel: [    6.122458] audit: type=1400 audit(1668628822.115:28): apparmor="STATUS" operation="profile_load" profile="unconfined" name="libreoffice-soffice" pid=583 comm="apparmor_parser"
Nov 16 21:00:22 project kernel: [    6.123595] audit: type=1400 audit(1668628822.115:29): apparmor="STATUS" operation="profile_load" profile="unconfined" name="libreoffice-soffice//gpg" pid=583 comm="apparmor_parser"
Nov 16 21:00:22 project kernel: [    6.244384] audit: type=1400 audit(1668628822.235:30): apparmor="STATUS" operation="profile_load" profile="unconfined" name="snap.snap-store.hook.configure" pid=604 comm="apparmor_parser"
Nov 16 21:00:22 project kernel: [    6.395905] audit: type=1400 audit(1668628822.387:31): apparmor="STATUS" operation="profile_load" profile="unconfined" name="/snap/snapd/16292/usr/lib/snapd/snap-confine" pid=602 comm="apparmor_parser"
Nov 16 21:00:22 project kernel: [    6.396554] audit: type=1400 audit(1668628822.387:32): apparmor="STATUS" operation="profile_load" profile="unconfined" name="/snap/snapd/16292/usr/lib/snapd/snap-confine//mount-namespace-capture-helper" pid=602 comm="apparmor_parser"
Nov 16 21:00:22 project kernel: [    6.457313] audit: type=1400 audit(1668628822.447:33): apparmor="STATUS" operation="profile_load" profile="unconfined" name="snap.snap-store.snap-store" pid=605 comm="apparmor_parser"
Nov 16 21:00:22 project kernel: [    6.587295] audit: type=1400 audit(1668628822.579:34): apparmor="STATUS" operation="profile_load" profile="unconfined" name="snap.snap-store.ubuntu-software" pid=606 comm="apparmor_parser"
Nov 16 21:00:22 project kernel: [    6.713874] audit: type=1400 audit(1668628822.707:35): apparmor="STATUS" operation="profile_load" profile="unconfined" name="snap-update-ns.snap-store" pid=603 comm="apparmor_parser"
Nov 16 21:00:22 project kernel: [    6.742854] audit: type=1400 audit(1668628822.735:36): apparmor="STATUS" operation="profile_load" profile="unconfined" name="snap.snap-store.ubuntu-software-local-file" pid=607 comm="apparmor_parser"
Nov 16 21:00:22 project systemd[1]: Started System Logging Service.
Nov 16 21:00:22 project systemd[1]: gpu-manager.service: Succeeded.
Nov 16 21:00:22 project systemd[1]: Finished Detect the available GPUs and deal with any system changes.
Nov 16 21:00:22 project systemd[1]: e2scrub_reap.service: Succeeded.
Nov 16 21:00:22 project systemd[1]: Finished Remove Stale Online ext4 Metadata Check Snapshots.
Nov 16 21:00:22 project apport[612]:  * Starting automatic crash report generation: apport
Nov 16 21:00:22 project systemd[1]: grub-common.service: Succeeded.
Nov 16 21:00:22 project apport[612]:    ...done.
Nov 16 21:00:22 project systemd[1]: Finished Record successful boot for GRUB.
Nov 16 21:00:22 project systemd[1]: Started LSB: automatic crash report generation.
Nov 16 21:00:22 project systemd[1]: Starting GRUB failed boot detection...
Nov 16 21:00:22 project systemd[1]: grub-initrd-fallback.service: Succeeded.
Nov 16 21:00:22 project systemd[1]: Finished GRUB failed boot detection.
Nov 16 21:00:22 project dbus-daemon[617]: [system] AppArmor D-Bus mediation is enabled
Nov 16 21:00:22 project wpa_supplicant[654]: Successfully initialized wpa_supplicant
Nov 16 21:00:22 project systemd[1]: Started WPA supplicant.
Nov 16 21:00:22 project systemd[1]: Started Login Service.
Nov 16 21:00:22 project systemd[1]: Started Avahi mDNS/DNS-SD Stack.
Nov 16 21:00:22 project systemd[1]: Started Make remote CUPS printers available locally.
Nov 16 21:00:22 project systemd[1]: Started Switcheroo Control Proxy service.
Nov 16 21:00:22 project systemd[1]: Condition check resulted in Manage Sound Card State (restore and store) being skipped.
Nov 16 21:00:22 project avahi-daemon[613]: Successfully called chroot().
Nov 16 21:00:22 project avahi-daemon[613]: Successfully dropped remaining capabilities.
Nov 16 21:00:22 project systemd[1]: Starting Save/Restore Sound Card State...
Nov 16 21:00:22 project avahi-daemon[613]: No service file found in /etc/avahi/services.
Nov 16 21:00:22 project avahi-daemon[613]: Joining mDNS multicast group on interface lo.IPv6 with address ::1.
Nov 16 21:00:22 project avahi-daemon[613]: New relevant interface lo.IPv6 for mDNS.
Nov 16 21:00:22 project avahi-daemon[613]: Joining mDNS multicast group on interface lo.IPv4 with address 127.0.0.1.
Nov 16 21:00:22 project avahi-daemon[613]: New relevant interface lo.IPv4 for mDNS.
Nov 16 21:00:22 project avahi-daemon[613]: Network interface enumeration completed.
Nov 16 21:00:22 project avahi-daemon[613]: Registering new address record for ::1 on lo.*.
Nov 16 21:00:22 project avahi-daemon[613]: Registering new address record for 127.0.0.1 on lo.IPv4.
Nov 16 21:00:22 project alsactl[701]: /usr/sbin/alsactl: load_state:1683: Cannot open /var/lib/alsa/asound.state for reading: No such file or directory
Nov 16 21:00:22 project NetworkManager[621]: <info>  [1668628822.8398] NetworkManager (version 1.22.10) is starting... (for the first time)
Nov 16 21:00:22 project NetworkManager[621]: <info>  [1668628822.8398] Read config: /etc/NetworkManager/NetworkManager.conf (lib: 10-dns-resolved.conf, 20-connectivity-ubuntu.conf, no-mac-addr-change.conf) (run: 10-globally-managed-devices.conf) (etc: default-wifi-powersave-on.conf)
Nov 16 21:00:22 project alsactl[701]: alsa-lib main.c:1014:(snd_use_case_mgr_open) error: failed to import hw:0 use case configuration -2
Nov 16 21:00:22 project alsactl[701]: Found hardware: "ICH" "Analog Devices AD1980" "AC97a:41445370" "0x1028" "0x0177"
Nov 16 21:00:22 project alsactl[701]: Hardware is initialized using a generic method
Nov 16 21:00:22 project systemd[1]: Finished Save/Restore Sound Card State.
Nov 16 21:00:22 project systemd[1]: Reached target Sound Card.
Nov 16 21:00:22 project polkitd[636]: started daemon version 0.105 using authority implementation `local' version `0.105'
Nov 16 21:00:22 project systemd[1]: Started Authorization Manager.
Nov 16 21:00:22 project NetworkManager[621]: <info>  [1668628822.8433] bus-manager: acquired D-Bus service "org.freedesktop.NetworkManager"
Nov 16 21:00:22 project systemd[1]: Starting Modem Manager...
Nov 16 21:00:22 project systemd[1]: Started Network Manager.
Nov 16 21:00:22 project systemd[1]: Reached target Network.
Nov 16 21:00:22 project systemd[1]: Starting Network Manager Wait Online...
Nov 16 21:00:22 project systemd[1]: Starting OpenVPN service...
Nov 16 21:00:22 project systemd[1]: Condition check resulted in fast remote file copy program daemon being skipped.
Nov 16 21:00:22 project systemd[1]: Starting Permit User Sessions...
Nov 16 21:00:22 project systemd[1]: Started Unattended Upgrades Shutdown.
Nov 16 21:00:22 project systemd[1]: Finished OpenVPN service.
Nov 16 21:00:22 project NetworkManager[621]: <info>  [1668628822.8498] manager[0x564f80869040]: monitoring kernel firmware directory '/lib/firmware'.
Nov 16 21:00:22 project NetworkManager[621]: <info>  [1668628822.8499] monitoring ifupdown state file '/run/network/ifstate'.
Nov 16 21:00:22 project systemd[1]: Finished Permit User Sessions.
Nov 16 21:00:22 project dbus-daemon[617]: [system] Activating via systemd: service name='org.freedesktop.hostname1' unit='dbus-org.freedesktop.hostname1.service' requested by ':1.11' (uid=0 pid=621 comm="/usr/sbin/NetworkManager --no-daemon " label="unconfined")
Nov 16 21:00:22 project systemd[1]: Starting Hold until boot process finishes up...
Nov 16 21:00:22 project udisksd[652]: failed to load module mdraid: libbd_mdraid.so.2: cannot open shared object file: No such file or directory
Nov 16 21:00:22 project systemd[1]: Starting Hostname Service...
Nov 16 21:00:22 project udisksd[652]: Failed to load the 'mdraid' libblockdev plugin
Nov 16 21:00:22 project ModemManager[704]: <info>  ModemManager (version 1.18.6) starting in system bus...
Nov 16 21:00:22 project kernel: [    6.878205] audit: type=1400 audit(1668628822.871:37): apparmor="DENIED" operation="capable" profile="/usr/sbin/cups-browsed" pid=698 comm="cups-browsed" capability=23  capname="sys_nice"
Nov 16 21:00:22 project dbus-daemon[617]: [system] Successfully activated service 'org.freedesktop.hostname1'
Nov 16 21:00:22 project systemd[1]: Started Hostname Service.
Nov 16 21:00:22 project accounts-daemon[609]: started daemon version 0.6.55
Nov 16 21:00:22 project systemd[1]: Started Accounts Service.
Nov 16 21:00:22 project NetworkManager[621]: <info>  [1668628822.9050] hostname: hostname: using hostnamed
Nov 16 21:00:22 project NetworkManager[621]: <info>  [1668628822.9050] hostname: hostname changed from (none) to "project"
Nov 16 21:00:22 project NetworkManager[621]: <info>  [1668628822.9052] dns-mgr[0x564f80851290]: init: dns=systemd-resolved rc-manager=symlink, plugin=systemd-resolved
Nov 16 21:00:22 project NetworkManager[621]: <info>  [1668628822.9056] manager[0x564f80869040]: rfkill: Wi-Fi hardware radio set enabled
Nov 16 21:00:22 project NetworkManager[621]: <info>  [1668628822.9056] manager[0x564f80869040]: rfkill: WWAN hardware radio set enabled
Nov 16 21:00:22 project NetworkManager[621]: <info>  [1668628822.9109] Loaded device plugin: NMBluezManager (/usr/lib/x86_64-linux-gnu/NetworkManager/1.22.10/libnm-device-plugin-bluetooth.so)
Nov 16 21:00:22 project NetworkManager[621]: <info>  [1668628822.9116] Loaded device plugin: NMAtmManager (/usr/lib/x86_64-linux-gnu/NetworkManager/1.22.10/libnm-device-plugin-adsl.so)
Nov 16 21:00:22 project NetworkManager[621]: <info>  [1668628822.9123] Loaded device plugin: NMWwanFactory (/usr/lib/x86_64-linux-gnu/NetworkManager/1.22.10/libnm-device-plugin-wwan.so)
Nov 16 21:00:22 project NetworkManager[621]: <info>  [1668628822.9145] Loaded device plugin: NMTeamFactory (/usr/lib/x86_64-linux-gnu/NetworkManager/1.22.10/libnm-device-plugin-team.so)
Nov 16 21:00:22 project NetworkManager[621]: <info>  [1668628822.9159] Loaded device plugin: NMWifiFactory (/usr/lib/x86_64-linux-gnu/NetworkManager/1.22.10/libnm-device-plugin-wifi.so)
Nov 16 21:00:22 project NetworkManager[621]: <info>  [1668628822.9161] manager: rfkill: Wi-Fi enabled by radio killswitch; enabled by state file
Nov 16 21:00:22 project NetworkManager[621]: <info>  [1668628822.9161] manager: rfkill: WWAN enabled by radio killswitch; enabled by state file
Nov 16 21:00:22 project NetworkManager[621]: <info>  [1668628822.9161] manager: Networking is enabled by state file
Nov 16 21:00:22 project NetworkManager[621]: <info>  [1668628822.9162] dhcp-init: Using DHCP client 'internal'
Nov 16 21:00:22 project NetworkManager[621]: <info>  [1668628822.9167] settings: Loaded settings plugin: ifupdown ("/usr/lib/x86_64-linux-gnu/NetworkManager/1.22.10/libnm-settings-plugin-ifupdown.so")
Nov 16 21:00:22 project NetworkManager[621]: <info>  [1668628822.9167] settings: Loaded settings plugin: keyfile (internal)
Nov 16 21:00:22 project NetworkManager[621]: <info>  [1668628822.9167] ifupdown: management mode: unmanaged
Nov 16 21:00:22 project NetworkManager[621]: <warn>  [1668628822.9169] ifupdown: interfaces file /etc/network/interfaces doesn't exist
Nov 16 21:00:22 project dbus-daemon[617]: [system] Activating via systemd: service name='org.freedesktop.nm_dispatcher' unit='dbus-org.freedesktop.nm-dispatcher.service' requested by ':1.11' (uid=0 pid=621 comm="/usr/sbin/NetworkManager --no-daemon " label="unconfined")
Nov 16 21:00:22 project NetworkManager[621]: <info>  [1668628822.9179] device (lo): carrier: link connected
Nov 16 21:00:22 project NetworkManager[621]: <info>  [1668628822.9180] manager: (lo): new Generic device (/org/freedesktop/NetworkManager/Devices/1)
Nov 16 21:00:22 project NetworkManager[621]: <info>  [1668628822.9186] manager: (enp0s3): new Ethernet device (/org/freedesktop/NetworkManager/Devices/2)
Nov 16 21:00:22 project systemd[1]: Starting Network Manager Script Dispatcher Service...
Nov 16 21:00:22 project systemd[1]: Started Modem Manager.
Nov 16 21:00:22 project NetworkManager[621]: <info>  [1668628822.9212] settings: (enp0s3): created default wired connection 'Wired connection 1'
Nov 16 21:00:22 project NetworkManager[621]: <info>  [1668628822.9217] device (enp0s3): state change: unmanaged -> unavailable (reason 'managed', sys-iface-state: 'external')
Nov 16 21:00:22 project NetworkManager[621]: <warn>  [1668628822.9250] Error: failed to open /run/network/ifstate
Nov 16 21:00:22 project snapd[647]: AppArmor status: apparmor is enabled and all features are available
Nov 16 21:00:22 project NetworkManager[621]: <info>  [1668628822.9302] device (enp0s3): carrier: link connected
Nov 16 21:00:22 project NetworkManager[621]: <info>  [1668628822.9303] device (enp0s3): state change: unavailable -> disconnected (reason 'carrier-changed', sys-iface-state: 'managed')
Nov 16 21:00:22 project dbus-daemon[617]: [system] Successfully activated service 'org.freedesktop.nm_dispatcher'
Nov 16 21:00:22 project systemd[1]: Started Network Manager Script Dispatcher Service.
Nov 16 21:00:22 project NetworkManager[621]: <info>  [1668628822.9318] policy: auto-activating connection 'Wired connection 1' (ff80abd4-fc6c-3944-bb71-26b9232679d7)
Nov 16 21:00:22 project NetworkManager[621]: <info>  [1668628822.9321] device (enp0s3): Activation: starting connection 'Wired connection 1' (ff80abd4-fc6c-3944-bb71-26b9232679d7)
Nov 16 21:00:22 project NetworkManager[621]: <info>  [1668628822.9322] device (enp0s3): state change: disconnected -> prepare (reason 'none', sys-iface-state: 'managed')
Nov 16 21:00:22 project NetworkManager[621]: <info>  [1668628822.9324] manager: NetworkManager state is now CONNECTING
Nov 16 21:00:22 project NetworkManager[621]: <info>  [1668628822.9326] device (enp0s3): state change: prepare -> config (reason 'none', sys-iface-state: 'managed')
Nov 16 21:00:22 project kernel: [    6.933927] e1000: enp0s3 NIC Link is Up 1000 Mbps Full Duplex, Flow Control: RX
Nov 16 21:00:22 project kernel: [    6.934170] IPv6: ADDRCONF(NETDEV_CHANGE): enp0s3: link becomes ready
Nov 16 21:00:22 project NetworkManager[621]: <info>  [1668628822.9333] modem-manager: ModemManager available
Nov 16 21:00:22 project NetworkManager[621]: <info>  [1668628822.9334] device (enp0s3): state change: config -> ip-config (reason 'none', sys-iface-state: 'managed')
Nov 16 21:00:22 project NetworkManager[621]: <info>  [1668628822.9339] dhcp4 (enp0s3): activation: beginning transaction (timeout in 45 seconds)
Nov 16 21:00:22 project avahi-daemon[613]: Joining mDNS multicast group on interface enp0s3.IPv6 with address fe80::e499:fa93:73c4:c2ae.
Nov 16 21:00:22 project avahi-daemon[613]: New relevant interface enp0s3.IPv6 for mDNS.
Nov 16 21:00:22 project avahi-daemon[613]: Registering new address record for fe80::e499:fa93:73c4:c2ae on enp0s3.*.
Nov 16 21:00:22 project NetworkManager[621]: <info>  [1668628822.9366] dhcp4 (enp0s3): option dhcp_lease_time      => '86400'
Nov 16 21:00:22 project NetworkManager[621]: <info>  [1668628822.9367] dhcp4 (enp0s3): option domain_name_servers  => '192.168.1.254'
Nov 16 21:00:22 project NetworkManager[621]: <info>  [1668628822.9367] dhcp4 (enp0s3): option expiry               => '1668715222'
Nov 16 21:00:22 project NetworkManager[621]: <info>  [1668628822.9367] dhcp4 (enp0s3): option ip_address           => '10.0.2.15'
Nov 16 21:00:22 project NetworkManager[621]: <info>  [1668628822.9367] dhcp4 (enp0s3): option next_server          => '10.0.2.4'
Nov 16 21:00:22 project NetworkManager[621]: <info>  [1668628822.9367] dhcp4 (enp0s3): option requested_broadcast_address => '1'
Nov 16 21:00:22 project NetworkManager[621]: <info>  [1668628822.9367] dhcp4 (enp0s3): option requested_domain_name => '1'
Nov 16 21:00:22 project NetworkManager[621]: <info>  [1668628822.9367] dhcp4 (enp0s3): option requested_domain_name_servers => '1'
Nov 16 21:00:22 project NetworkManager[621]: <info>  [1668628822.9367] dhcp4 (enp0s3): option requested_domain_search => '1'
Nov 16 21:00:22 project NetworkManager[621]: <info>  [1668628822.9367] dhcp4 (enp0s3): option requested_host_name  => '1'
Nov 16 21:00:22 project NetworkManager[621]: <info>  [1668628822.9367] dhcp4 (enp0s3): option requested_interface_mtu => '1'
Nov 16 21:00:22 project NetworkManager[621]: <info>  [1668628822.9368] dhcp4 (enp0s3): option requested_ms_classless_static_routes => '1'
Nov 16 21:00:22 project NetworkManager[621]: <info>  [1668628822.9368] dhcp4 (enp0s3): option requested_nis_domain => '1'
Nov 16 21:00:22 project NetworkManager[621]: <info>  [1668628822.9368] dhcp4 (enp0s3): option requested_nis_servers => '1'
Nov 16 21:00:22 project NetworkManager[621]: <info>  [1668628822.9368] dhcp4 (enp0s3): option requested_ntp_servers => '1'
Nov 16 21:00:22 project NetworkManager[621]: <info>  [1668628822.9368] dhcp4 (enp0s3): option requested_rfc3442_classless_static_routes => '1'
Nov 16 21:00:22 project NetworkManager[621]: <info>  [1668628822.9368] dhcp4 (enp0s3): option requested_root_path  => '1'
Nov 16 21:00:22 project NetworkManager[621]: <info>  [1668628822.9369] dhcp4 (enp0s3): option requested_routers    => '1'
Nov 16 21:00:22 project NetworkManager[621]: <info>  [1668628822.9369] dhcp4 (enp0s3): option requested_static_routes => '1'
Nov 16 21:00:22 project NetworkManager[621]: <info>  [1668628822.9369] dhcp4 (enp0s3): option requested_subnet_mask => '1'
Nov 16 21:00:22 project NetworkManager[621]: <info>  [1668628822.9369] dhcp4 (enp0s3): option requested_time_offset => '1'
Nov 16 21:00:22 project NetworkManager[621]: <info>  [1668628822.9369] dhcp4 (enp0s3): option requested_wpad       => '1'
Nov 16 21:00:22 project NetworkManager[621]: <info>  [1668628822.9369] dhcp4 (enp0s3): option routers              => '10.0.2.2'
Nov 16 21:00:22 project NetworkManager[621]: <info>  [1668628822.9369] dhcp4 (enp0s3): option subnet_mask          => '255.255.255.0'
Nov 16 21:00:22 project NetworkManager[621]: <info>  [1668628822.9369] dhcp4 (enp0s3): state changed unknown -> bound
Nov 16 21:00:22 project avahi-daemon[613]: Joining mDNS multicast group on interface enp0s3.IPv4 with address 10.0.2.15.
Nov 16 21:00:22 project avahi-daemon[613]: New relevant interface enp0s3.IPv4 for mDNS.
Nov 16 21:00:22 project avahi-daemon[613]: Registering new address record for 10.0.2.15 on enp0s3.IPv4.
Nov 16 21:00:22 project NetworkManager[621]: <info>  [1668628822.9385] device (enp0s3): state change: ip-config -> ip-check (reason 'none', sys-iface-state: 'managed')
Nov 16 21:00:22 project NetworkManager[621]: <info>  [1668628822.9421] device (enp0s3): state change: ip-check -> secondaries (reason 'none', sys-iface-state: 'managed')
Nov 16 21:00:22 project NetworkManager[621]: <info>  [1668628822.9425] device (enp0s3): state change: secondaries -> activated (reason 'none', sys-iface-state: 'managed')
Nov 16 21:00:22 project NetworkManager[621]: <info>  [1668628822.9429] manager: NetworkManager state is now CONNECTED_LOCAL
Nov 16 21:00:22 project NetworkManager[621]: <info>  [1668628822.9437] manager: NetworkManager state is now CONNECTED_SITE
Nov 16 21:00:22 project NetworkManager[621]: <info>  [1668628822.9438] policy: set 'Wired connection 1' (enp0s3) as default for IPv4 routing and DNS
Nov 16 21:00:22 project NetworkManager[621]: <info>  [1668628822.9442] device (enp0s3): Activation: successful, device activated.
Nov 16 21:00:22 project NetworkManager[621]: <info>  [1668628822.9449] manager: startup complete
Nov 16 21:00:22 project systemd[1]: Finished Network Manager Wait Online.
Nov 16 21:00:22 project systemd[1]: Reached target Network is Online.
Nov 16 21:00:22 project systemd[1]: Starting Tool to automatically collect and submit kernel crash signatures...
Nov 16 21:00:22 project systemd[1]: Condition check resulted in Ubuntu Advantage GCP Auto Attach Daemon being skipped.
Nov 16 21:00:22 project systemd[1]: Started crash report submission daemon.
Nov 16 21:00:22 project acpid: starting up with netlink and the input layer
Nov 16 21:00:22 project systemd[1]: kerneloops.service: Found left-over process 756 (kerneloops) in control group while starting unit. Ignoring.
Nov 16 21:00:22 project systemd[1]: This usually indicates unclean termination of a previous run, or service implementation deficiencies.
Nov 16 21:00:22 project whoopsie[754]: [21:00:22] Using lock path: /var/lock/whoopsie/lock
Nov 16 21:00:22 project systemd[1]: Started Tool to automatically collect and submit kernel crash signatures.
Nov 16 21:00:22 project acpid: 8 rules loaded
Nov 16 21:00:22 project acpid: waiting for events: event logging is off
Nov 16 21:00:22 project networkd-dispatcher[778]: WARNING: systemd-networkd is not running, output will be incomplete.
Nov 16 21:00:23 project networkd-dispatcher[633]: ERROR:Unknown state for interface NetworkctlListState(idx=1, name='lo', type='loopback', operational='n/a', administrative='unmanaged'): n/a
Nov 16 21:00:23 project networkd-dispatcher[633]: Traceback (most recent call last):
Nov 16 21:00:23 project networkd-dispatcher[633]:   File "/usr/bin/networkd-dispatcher", line 298, in trigger_all
Nov 16 21:00:23 project networkd-dispatcher[633]:     self.handle_state(iface_name,
Nov 16 21:00:23 project networkd-dispatcher[633]:   File "/usr/bin/networkd-dispatcher", line 348, in handle_state
Nov 16 21:00:23 project networkd-dispatcher[633]:     raise UnknownState(operational_state)
Nov 16 21:00:23 project networkd-dispatcher[633]: UnknownState: n/a
Nov 16 21:00:23 project networkd-dispatcher[633]: ERROR:Unknown state for interface NetworkctlListState(idx=2, name='enp0s3', type='ether', operational='n/a', administrative='unmanaged'): n/a
Nov 16 21:00:23 project networkd-dispatcher[633]: Traceback (most recent call last):
Nov 16 21:00:23 project networkd-dispatcher[633]:   File "/usr/bin/networkd-dispatcher", line 298, in trigger_all
Nov 16 21:00:23 project networkd-dispatcher[633]:     self.handle_state(iface_name,
Nov 16 21:00:23 project networkd-dispatcher[633]:   File "/usr/bin/networkd-dispatcher", line 348, in handle_state
Nov 16 21:00:23 project networkd-dispatcher[633]:     raise UnknownState(operational_state)
Nov 16 21:00:23 project networkd-dispatcher[633]: UnknownState: n/a
Nov 16 21:00:23 project systemd[1]: Started Dispatcher daemon for systemd-networkd.
Nov 16 21:00:23 project whoopsie[754]: [21:00:23] offline
Nov 16 21:00:23 project vboxadd[653]: VirtualBox Guest Additions: Starting.
Nov 16 21:00:23 project vboxadd[797]: VirtualBox Guest Additions: Setting up modules
Nov 16 21:00:23 project vboxadd[806]: VirtualBox Guest Additions: Building the VirtualBox Guest Additions kernel
Nov 16 21:00:23 project vboxadd[806]: modules.  This may take a while.
Nov 16 21:00:23 project vboxadd[808]: VirtualBox Guest Additions: To build modules for other installed kernels, run
Nov 16 21:00:23 project vboxadd[810]: VirtualBox Guest Additions:   /sbin/rcvboxadd quicksetup <version>
Nov 16 21:00:23 project vboxadd[812]: VirtualBox Guest Additions: or
Nov 16 21:00:23 project vboxadd[814]: VirtualBox Guest Additions:   /sbin/rcvboxadd quicksetup all
Nov 16 21:00:23 project vboxadd[816]: VirtualBox Guest Additions: Building the modules for kernel 5.15.0-53-generic.
Nov 16 21:00:23 project udisksd[652]: Acquired the name org.freedesktop.UDisks2 on the system message bus
Nov 16 21:00:23 project systemd[1]: Started Disk Manager.
Nov 16 21:00:23 project NetworkManager[621]: <info>  [1668628823.1668] manager: NetworkManager state is now CONNECTED_GLOBAL
Nov 16 21:00:23 project whoopsie[754]: [21:00:23] The default IPv4 route is: /org/freedesktop/NetworkManager/ActiveConnection/1
Nov 16 21:00:23 project whoopsie[754]: [21:00:23] Not a paid data plan: /org/freedesktop/NetworkManager/ActiveConnection/1
Nov 16 21:00:23 project whoopsie[754]: [21:00:23] Found usable connection: /org/freedesktop/NetworkManager/ActiveConnection/1
Nov 16 21:00:23 project snapd[647]: AppArmor status: apparmor is enabled and all features are available
Nov 16 21:00:23 project snapd[647]: overlord.go:263: Acquiring state lock file
